[2025-03-13 20:11:33,554] - INFO - main - This is a test message!
[2025-03-13 21:23:16,717] - INFO - main - This is a test message!
[2025-03-14 00:01:44,705] - INFO - common - yaml file: config\config.yaml loaded successfully
[2025-03-14 00:02:31,208] - INFO - common - yaml file: config\config.yaml loaded successfully
[2025-03-14 00:04:52,765] - INFO - common - yaml file: config\config.yaml loaded successfully
[2025-03-14 00:05:03,996] - INFO - common - yaml file: config\config.yaml loaded successfully
[2025-03-14 00:06:23,282] - INFO - common - yaml file: config\config.yaml loaded successfully
[2025-03-14 00:06:52,765] - INFO - common - yaml file: config\config.yaml loaded successfully
[2025-03-14 00:07:32,400] - INFO - common - yaml file: config\config.yaml loaded successfully
[2025-03-14 00:08:39,489] - INFO - common - yaml file: config\config.yaml loaded successfully
[2025-03-14 00:08:39,491] - INFO - common - yaml file: params.yaml loaded successfully
[2025-03-14 00:09:22,878] - INFO - common - yaml file: config\config.yaml loaded successfully
[2025-03-14 00:09:22,887] - INFO - common - yaml file: params.yaml loaded successfully
[2025-03-14 00:09:22,890] - INFO - common - yaml file: schema.yaml loaded successfully
[2025-03-14 00:10:47,179] - INFO - common - yaml file: config\config.yaml loaded successfully
[2025-03-14 00:10:47,182] - INFO - common - yaml file: params.yaml loaded successfully
[2025-03-14 00:10:47,184] - INFO - common - yaml file: schema.yaml loaded successfully
[2025-03-14 00:10:47,186] - INFO - common - created directory at: artifacts
[2025-03-14 00:10:47,187] - INFO - common - created directory at: artifacts/data_ingestion
[2025-03-14 00:14:33,108] - INFO - common - yaml file: config\config.yaml loaded successfully
[2025-03-14 00:14:33,109] - INFO - common - yaml file: params.yaml loaded successfully
[2025-03-14 00:14:33,110] - INFO - common - yaml file: schema.yaml loaded successfully
[2025-03-14 00:14:33,111] - INFO - common - created directory at: artifacts
[2025-03-14 00:14:33,111] - INFO - common - created directory at: artifacts/data_ingestion
[2025-03-14 00:17:45,078] - INFO - common - yaml file: config\config.yaml loaded successfully
[2025-03-14 00:17:45,078] - INFO - common - yaml file: params.yaml loaded successfully
[2025-03-14 00:17:45,079] - INFO - common - yaml file: schema.yaml loaded successfully
[2025-03-14 00:17:45,080] - INFO - common - created directory at: artifacts
[2025-03-14 00:17:45,082] - INFO - common - created directory at: artifacts/data_ingestion
[2025-03-14 00:18:44,699] - INFO - common - yaml file: config\config.yaml loaded successfully
[2025-03-14 00:18:44,702] - INFO - common - yaml file: params.yaml loaded successfully
[2025-03-14 00:18:44,704] - INFO - common - yaml file: schema.yaml loaded successfully
[2025-03-14 00:18:44,706] - INFO - common - created directory at: artifacts
[2025-03-14 00:18:44,707] - INFO - common - created directory at: artifacts/data_ingestion
[2025-03-14 00:18:57,633] - INFO - common - yaml file: config\config.yaml loaded successfully
[2025-03-14 00:18:57,636] - INFO - common - yaml file: params.yaml loaded successfully
[2025-03-14 00:18:57,638] - INFO - common - yaml file: schema.yaml loaded successfully
[2025-03-14 00:18:57,638] - INFO - common - created directory at: artifacts
[2025-03-14 00:18:57,640] - INFO - common - created directory at: artifacts/data_ingestion
[2025-03-14 09:24:51,663] - INFO - common - yaml file: config\config.yaml loaded successfully
[2025-03-14 09:24:51,673] - INFO - common - yaml file: params.yaml loaded successfully
[2025-03-14 09:24:51,676] - INFO - common - yaml file: schema.yaml loaded successfully
[2025-03-14 09:24:51,678] - INFO - common - created directory at: artifacts
[2025-03-14 09:24:51,680] - INFO - common - created directory at: artifacts/data_ingestion
[2025-03-14 09:25:00,883] - INFO - common - yaml file: config\config.yaml loaded successfully
[2025-03-14 09:25:00,885] - INFO - common - yaml file: params.yaml loaded successfully
[2025-03-14 09:25:00,887] - INFO - common - yaml file: schema.yaml loaded successfully
[2025-03-14 09:25:00,888] - INFO - common - created directory at: artifacts
[2025-03-14 09:25:00,888] - INFO - common - created directory at: artifacts/data_ingestion
[2025-03-14 09:27:38,235] - INFO - common - yaml file: config\config.yaml loaded successfully
[2025-03-14 09:27:38,236] - INFO - common - yaml file: params.yaml loaded successfully
[2025-03-14 09:27:38,238] - INFO - common - yaml file: schema.yaml loaded successfully
[2025-03-14 09:27:38,239] - INFO - common - created directory at: artifacts
[2025-03-14 09:27:38,239] - INFO - common - created directory at: artifacts/data_ingestion
[2025-03-14 09:33:31,589] - INFO - common - yaml file: config\config.yaml loaded successfully
[2025-03-14 09:33:31,591] - INFO - common - yaml file: params.yaml loaded successfully
[2025-03-14 09:33:31,592] - INFO - common - yaml file: schema.yaml loaded successfully
[2025-03-14 09:33:31,593] - INFO - common - created directory at: artifacts
[2025-03-14 09:33:31,593] - INFO - common - created directory at: artifacts/data_ingestion
[2025-03-14 09:37:55,044] - INFO - common - yaml file: config\config.yaml loaded successfully
[2025-03-14 09:37:55,046] - INFO - common - yaml file: params.yaml loaded successfully
[2025-03-14 09:37:55,047] - INFO - common - yaml file: schema.yaml loaded successfully
[2025-03-14 09:37:55,048] - INFO - common - created directory at: artifacts
[2025-03-14 09:37:55,049] - INFO - common - created directory at: artifacts/data_ingestion
[2025-03-14 09:38:10,433] - INFO - common - yaml file: config\config.yaml loaded successfully
[2025-03-14 09:38:10,434] - INFO - common - yaml file: params.yaml loaded successfully
[2025-03-14 09:38:10,435] - INFO - common - yaml file: schema.yaml loaded successfully
[2025-03-14 09:38:10,436] - INFO - common - created directory at: artifacts
[2025-03-14 09:38:10,437] - INFO - common - created directory at: artifacts/data_ingestion
[2025-03-14 09:38:50,973] - INFO - common - yaml file: config\config.yaml loaded successfully
[2025-03-14 09:38:50,975] - INFO - common - yaml file: params.yaml loaded successfully
[2025-03-14 09:38:50,977] - INFO - common - yaml file: schema.yaml loaded successfully
[2025-03-14 09:38:50,978] - INFO - common - created directory at: artifacts
[2025-03-14 09:38:50,980] - INFO - common - created directory at: artifacts/data_ingestion
[2025-03-14 09:38:50,982] - INFO - 206361501 - File already exists
[2025-03-14 09:39:10,146] - INFO - common - yaml file: config\config.yaml loaded successfully
[2025-03-14 09:39:10,149] - INFO - common - yaml file: params.yaml loaded successfully
[2025-03-14 09:39:10,151] - INFO - common - yaml file: schema.yaml loaded successfully
[2025-03-14 09:39:10,152] - INFO - common - created directory at: artifacts
[2025-03-14 09:39:10,154] - INFO - common - created directory at: artifacts/data_ingestion
[2025-03-14 09:39:10,953] - INFO - 206361501 - artifacts/data_ingestion/data.zip download complete! with the following info: 
Connection: close
Content-Length: 23329
Cache-Control: max-age=300
Content-Security-Policy: default-src 'none'; style-src 'unsafe-inline'; sandbox
Content-Type: application/zip
ETag: "c69888a4ae59bc5a893392785a938ccd4937981c06ba8a9d6a21aa52b4ab5b6e"
Strict-Transport-Security: max-age=31536000
X-Content-Type-Options: nosniff
X-Frame-Options: deny
X-XSS-Protection: 1; mode=block
X-GitHub-Request-Id: 5E14:A6605:47445C:9E7200:67D3F93D
Accept-Ranges: bytes
Date: Fri, 14 Mar 2025 09:39:10 GMT
Via: 1.1 varnish
X-Served-By: cache-lhr-egll1980068-LHR
X-Cache: MISS
X-Cache-Hits: 0
X-Timer: S1741945150.162753,VS0,VE147
Vary: Authorization,Accept-Encoding,Origin
Access-Control-Allow-Origin: *
Cross-Origin-Resource-Policy: cross-origin
X-Fastly-Request-ID: a6f58951fef448e84523aa6c21821526b121b726
Expires: Fri, 14 Mar 2025 09:44:10 GMT
Source-Age: 0


[2025-03-14 11:05:35,918] - INFO - main - >>>>>> stage: Data Ingestion Stage started <<<<<<
[2025-03-14 11:05:35,918] - INFO - common - yaml file: config\config.yaml loaded successfully
[2025-03-14 11:05:35,918] - INFO - common - yaml file: params.yaml loaded successfully
[2025-03-14 11:05:35,918] - INFO - common - yaml file: schema.yaml loaded successfully
[2025-03-14 11:05:35,918] - INFO - common - created directory at: artifacts
[2025-03-14 11:05:35,918] - INFO - common - created directory at: artifacts/data_ingestion
[2025-03-14 11:05:35,918] - INFO - data_ingestion - File already exists
[2025-03-14 11:05:35,918] - INFO - main - >>>>>> stage: {STAGE_NAME} completed <<<<<<
[2025-03-14 11:07:46,222] - INFO - main - >>>>>> stage: Data Ingestion Stage started <<<<<<
[2025-03-14 11:07:46,222] - INFO - common - yaml file: 'config\config.yaml' loaded successfully
[2025-03-14 11:07:46,222] - INFO - common - yaml file: 'params.yaml' loaded successfully
[2025-03-14 11:07:46,222] - INFO - common - yaml file: 'schema.yaml' loaded successfully
[2025-03-14 11:07:46,227] - INFO - common - created directory at: 'artifacts'
[2025-03-14 11:07:46,227] - INFO - common - created directory at: 'artifacts/data_ingestion'
[2025-03-14 11:07:47,275] - INFO - data_ingestion - File: artifacts/data_ingestion/data.zip downloaded successfully with the following info: 
Connection: close
Content-Length: 23329
Cache-Control: max-age=300
Content-Security-Policy: default-src 'none'; style-src 'unsafe-inline'; sandbox
Content-Type: application/zip
ETag: "c69888a4ae59bc5a893392785a938ccd4937981c06ba8a9d6a21aa52b4ab5b6e"
Strict-Transport-Security: max-age=31536000
X-Content-Type-Options: nosniff
X-Frame-Options: deny
X-XSS-Protection: 1; mode=block
X-GitHub-Request-Id: 9229:4DDDE:470068:9A9DF1:67D40E02
Accept-Ranges: bytes
Date: Fri, 14 Mar 2025 11:07:46 GMT
Via: 1.1 varnish
X-Served-By: cache-lhr-egll1980073-LHR
X-Cache: MISS
X-Cache-Hits: 0
X-Timer: S1741950467.521297,VS0,VE150
Vary: Authorization,Accept-Encoding,Origin
Access-Control-Allow-Origin: *
Cross-Origin-Resource-Policy: cross-origin
X-Fastly-Request-ID: d2980fc5c315f25222e8bf8abebae9bfb430dcac
Expires: Fri, 14 Mar 2025 11:12:46 GMT
Source-Age: 0


[2025-03-14 11:07:47,296] - INFO - main - >>>>>> stage: {STAGE_NAME} completed <<<<<<
[2025-03-14 11:11:24,563] - INFO - main - >>>>>> stage: Data Ingestion Stage started <<<<<<
[2025-03-14 11:11:24,564] - INFO - common - yaml file: 'config\config.yaml' loaded successfully
[2025-03-14 11:11:24,564] - INFO - common - yaml file: 'params.yaml' loaded successfully
[2025-03-14 11:11:24,565] - INFO - common - yaml file: 'schema.yaml' loaded successfully
[2025-03-14 11:11:24,565] - INFO - common - created directory at: 'artifacts'
[2025-03-14 11:11:24,565] - INFO - common - created directory at: 'artifacts/data_ingestion'
[2025-03-14 11:11:25,307] - INFO - data_ingestion - File: 'artifacts/data_ingestion/data.zip' downloaded successfully with the following info: 
Connection: close
Content-Length: 23329
Cache-Control: max-age=300
Content-Security-Policy: default-src 'none'; style-src 'unsafe-inline'; sandbox
Content-Type: application/zip
ETag: "c69888a4ae59bc5a893392785a938ccd4937981c06ba8a9d6a21aa52b4ab5b6e"
Strict-Transport-Security: max-age=31536000
X-Content-Type-Options: nosniff
X-Frame-Options: deny
X-XSS-Protection: 1; mode=block
X-GitHub-Request-Id: 9229:4DDDE:470068:9A9DF1:67D40E02
Accept-Ranges: bytes
Date: Fri, 14 Mar 2025 11:11:24 GMT
Via: 1.1 varnish
X-Served-By: cache-lhr-egll1980041-LHR
X-Cache: HIT
X-Cache-Hits: 1
X-Timer: S1741950685.736315,VS0,VE0
Vary: Authorization,Accept-Encoding,Origin
Access-Control-Allow-Origin: *
Cross-Origin-Resource-Policy: cross-origin
X-Fastly-Request-ID: e6e8071a809854b025787a1f65a796e94ca8c388
Expires: Fri, 14 Mar 2025 11:16:24 GMT
Source-Age: 218


[2025-03-14 11:11:25,338] - INFO - main - >>>>>> stage: Data Ingestion Stage completed <<<<<<
[2025-03-28 11:27:16,708] - INFO - main - >>>>>> stage: Data Ingestion Stage started <<<<<<
[2025-03-28 11:27:16,708] - INFO - common - yaml file: 'config\config.yaml' loaded successfully
[2025-03-28 11:27:16,708] - INFO - common - yaml file: 'params.yaml' loaded successfully
[2025-03-28 11:27:16,708] - INFO - common - yaml file: 'schema.yaml' loaded successfully
[2025-03-28 11:27:16,708] - ERROR - main - expected str, bytes or os.PathLike object, not list
Traceback (most recent call last):
  File "E:\MyProjects\pilotproject\main.py", line 9, in <module>
    data_ingestion.initiate_data_ingestion()
  File "E:\MyProjects\pilotproject\src\pilotproject\pipeline\data_ingestion_pipeline.py", line 12, in initiate_data_ingestion
    config = ConfigurationManager()
  File "E:\MyProjects\pilotproject\src\pilotproject\config\configuration.py", line 16, in __init__
    create_directories([self.config.artifacts_root])
  File "E:\MyProjects\pilotproject\venv\lib\site-packages\ensure\main.py", line 835, in __call__
    return self.f(*args, **kwargs)
  File "E:\MyProjects\pilotproject\src\pilotproject\utils\common.py", line 48, in create_directories
    os.makedirs(path, exist_ok=True)  # Create directories, ignoring if they already exist
  File "E:\MyProjects\pilotproject\venv\lib\os.py", line 210, in makedirs
    head, tail = path.split(name)
  File "E:\MyProjects\pilotproject\venv\lib\ntpath.py", line 211, in split
    p = os.fspath(p)
TypeError: expected str, bytes or os.PathLike object, not list
[2025-03-28 11:30:19,796] - INFO - main - >>>>>> stage: Data Ingestion Stage started <<<<<<
[2025-03-28 11:30:19,796] - INFO - common - yaml file: 'config\config.yaml' loaded successfully
[2025-03-28 11:30:19,796] - INFO - common - yaml file: 'params.yaml' loaded successfully
[2025-03-28 11:30:19,796] - INFO - common - yaml file: 'schema.yaml' loaded successfully
[2025-03-28 11:30:19,796] - ERROR - main - expected str, bytes or os.PathLike object, not list
Traceback (most recent call last):
  File "E:\MyProjects\pilotproject\main.py", line 9, in <module>
    data_ingestion.initiate_data_ingestion()
  File "E:\MyProjects\pilotproject\src\pilotproject\pipeline\data_ingestion_pipeline.py", line 12, in initiate_data_ingestion
    config = ConfigurationManager()
  File "E:\MyProjects\pilotproject\src\pilotproject\config\configuration.py", line 16, in __init__
    create_directories([self.config.artifacts_root])
  File "E:\MyProjects\pilotproject\venv\lib\site-packages\ensure\main.py", line 835, in __call__
    return self.f(*args, **kwargs)
  File "E:\MyProjects\pilotproject\src\pilotproject\utils\common.py", line 48, in create_directories
    os.makedirs(path, exist_ok=True)  # Create directories, ignoring if they already exist
  File "E:\MyProjects\pilotproject\venv\lib\os.py", line 210, in makedirs
    head, tail = path.split(name)
  File "E:\MyProjects\pilotproject\venv\lib\ntpath.py", line 211, in split
    p = os.fspath(p)
TypeError: expected str, bytes or os.PathLike object, not list
[2025-03-28 11:30:33,679] - INFO - main - >>>>>> stage: Data Ingestion Stage started <<<<<<
[2025-03-28 11:30:33,679] - INFO - common - yaml file: 'config\config.yaml' loaded successfully
[2025-03-28 11:30:33,679] - INFO - common - yaml file: 'params.yaml' loaded successfully
[2025-03-28 11:30:33,679] - INFO - common - yaml file: 'schema.yaml' loaded successfully
[2025-03-28 11:30:33,679] - ERROR - main - expected str, bytes or os.PathLike object, not list
Traceback (most recent call last):
  File "E:\MyProjects\pilotproject\main.py", line 9, in <module>
    data_ingestion.initiate_data_ingestion()
  File "E:\MyProjects\pilotproject\src\pilotproject\pipeline\data_ingestion_pipeline.py", line 12, in initiate_data_ingestion
    config = ConfigurationManager()
  File "E:\MyProjects\pilotproject\src\pilotproject\config\configuration.py", line 16, in __init__
    create_directories([self.config.artifacts_root])
  File "E:\MyProjects\pilotproject\venv\lib\site-packages\ensure\main.py", line 835, in __call__
    return self.f(*args, **kwargs)
  File "E:\MyProjects\pilotproject\src\pilotproject\utils\common.py", line 48, in create_directories
    os.makedirs(path, exist_ok=True)  # Create directories, ignoring if they already exist
  File "E:\MyProjects\pilotproject\venv\lib\os.py", line 210, in makedirs
    head, tail = path.split(name)
  File "E:\MyProjects\pilotproject\venv\lib\ntpath.py", line 211, in split
    p = os.fspath(p)
TypeError: expected str, bytes or os.PathLike object, not list
[2025-03-28 11:31:51,549] - INFO - main - >>>>>> stage: Data Ingestion Stage started <<<<<<
[2025-03-28 11:31:51,550] - INFO - common - yaml file: 'config\config.yaml' loaded successfully
[2025-03-28 11:31:51,551] - INFO - common - yaml file: 'params.yaml' loaded successfully
[2025-03-28 11:31:51,552] - INFO - common - yaml file: 'schema.yaml' loaded successfully
[2025-03-28 11:31:51,553] - INFO - common - created directory at: 'artifacts'
[2025-03-28 11:31:51,553] - INFO - common - created directory at: 'artifacts/data_ingestion'
[2025-03-28 11:31:52,594] - INFO - data_ingestion - File: 'artifacts/data_ingestion/data.zip' downloaded successfully with the following info: 
Connection: close
Content-Length: 23329
Cache-Control: max-age=300
Content-Security-Policy: default-src 'none'; style-src 'unsafe-inline'; sandbox
Content-Type: application/zip
ETag: "c69888a4ae59bc5a893392785a938ccd4937981c06ba8a9d6a21aa52b4ab5b6e"
Strict-Transport-Security: max-age=31536000
X-Content-Type-Options: nosniff
X-Frame-Options: deny
X-XSS-Protection: 1; mode=block
X-GitHub-Request-Id: 0CE9:27EDCD:5699F1:BDCC1E:67E688A6
Accept-Ranges: bytes
Date: Fri, 28 Mar 2025 11:31:51 GMT
Via: 1.1 varnish
X-Served-By: cache-lcy-eglc8600029-LCY
X-Cache: MISS
X-Cache-Hits: 0
X-Timer: S1743161511.447623,VS0,VE195
Vary: Authorization,Accept-Encoding,Origin
Access-Control-Allow-Origin: *
Cross-Origin-Resource-Policy: cross-origin
X-Fastly-Request-ID: 922ec9740dcfcd1684ff225940615fca5dc58e44
Expires: Fri, 28 Mar 2025 11:36:51 GMT
Source-Age: 0


[2025-03-28 11:31:52,606] - INFO - main - >>>>>> stage: Data Ingestion Stage completed <<<<<<

x==========x
[2025-03-28 11:31:52,606] - INFO - main - >>>>>> stage: Data Validation Stage started <<<<<<
[2025-03-28 11:31:52,606] - ERROR - main - DataValidationPipeline.__init__() takes 0 positional arguments but 1 was given
Traceback (most recent call last):
  File "E:\MyProjects\pilotproject\main.py", line 18, in <module>
    obj=DataValidationPipeline()
TypeError: DataValidationPipeline.__init__() takes 0 positional arguments but 1 was given
[2025-03-28 11:33:12,902] - INFO - main - >>>>>> stage: Data Ingestion Stage started <<<<<<
[2025-03-28 11:33:12,902] - INFO - common - yaml file: 'config\config.yaml' loaded successfully
[2025-03-28 11:33:12,902] - INFO - common - yaml file: 'params.yaml' loaded successfully
[2025-03-28 11:33:12,902] - INFO - common - yaml file: 'schema.yaml' loaded successfully
[2025-03-28 11:33:12,902] - INFO - common - created directory at: 'artifacts'
[2025-03-28 11:33:12,902] - INFO - common - created directory at: 'artifacts/data_ingestion'
[2025-03-28 11:33:12,902] - INFO - data_ingestion - File already exists
[2025-03-28 11:33:12,902] - INFO - main - >>>>>> stage: Data Ingestion Stage completed <<<<<<

x==========x
[2025-03-28 11:33:12,902] - INFO - main - >>>>>> stage: Data Validation Stage started <<<<<<
[2025-03-28 11:33:12,909] - INFO - common - yaml file: 'config\config.yaml' loaded successfully
[2025-03-28 11:33:12,909] - INFO - common - yaml file: 'params.yaml' loaded successfully
[2025-03-28 11:33:12,911] - INFO - common - yaml file: 'schema.yaml' loaded successfully
[2025-03-28 11:33:12,912] - INFO - common - created directory at: 'artifacts'
[2025-03-28 11:33:12,913] - INFO - common - created directory at: 'artifacts/data_validation'
[2025-03-28 11:33:12,931] - ERROR - main - 'method' object is not iterable
Traceback (most recent call last):
  File "E:\MyProjects\pilotproject\main.py", line 19, in <module>
    obj.initiate_data_validation()
  File "E:\MyProjects\pilotproject\src\pilotproject\pipeline\data_validation_pipeline.py", line 15, in initiate_data_validation
    data_validation.validate_all_columns()
  File "E:\MyProjects\pilotproject\src\pilotproject\components\data_validation.py", line 30, in validate_all_columns
    raise e
  File "E:\MyProjects\pilotproject\src\pilotproject\components\data_validation.py", line 17, in validate_all_columns
    expected_column_names = set(expected_column_names)
TypeError: 'method' object is not iterable
[2025-03-28 11:39:29,196] - INFO - main - >>>>>> stage: Data Ingestion Stage started <<<<<<
[2025-03-28 11:39:29,196] - INFO - common - yaml file: 'config\config.yaml' loaded successfully
[2025-03-28 11:39:29,196] - INFO - common - yaml file: 'params.yaml' loaded successfully
[2025-03-28 11:39:29,196] - INFO - common - yaml file: 'schema.yaml' loaded successfully
[2025-03-28 11:39:29,196] - INFO - common - created directory at: 'artifacts'
[2025-03-28 11:39:29,196] - INFO - common - created directory at: 'artifacts/data_ingestion'
[2025-03-28 11:39:29,196] - INFO - data_ingestion - File already exists
[2025-03-28 11:39:29,212] - INFO - main - >>>>>> stage: Data Ingestion Stage completed <<<<<<

x==========x
[2025-03-28 11:39:29,213] - INFO - main - >>>>>> stage: Data Validation Stage started <<<<<<
[2025-03-28 11:39:29,214] - INFO - common - yaml file: 'config\config.yaml' loaded successfully
[2025-03-28 11:39:29,214] - INFO - common - yaml file: 'params.yaml' loaded successfully
[2025-03-28 11:39:29,216] - INFO - common - yaml file: 'schema.yaml' loaded successfully
[2025-03-28 11:39:29,217] - INFO - common - created directory at: 'artifacts'
[2025-03-28 11:39:29,217] - INFO - common - created directory at: 'artifacts/data_validation'
[2025-03-28 11:39:29,239] - ERROR - main - 'method' object is not iterable
Traceback (most recent call last):
  File "E:\MyProjects\pilotproject\main.py", line 19, in <module>
    obj.initiate_data_validation()
  File "E:\MyProjects\pilotproject\src\pilotproject\pipeline\data_validation_pipeline.py", line 15, in initiate_data_validation
    data_validation.validate_all_columns()
  File "E:\MyProjects\pilotproject\src\pilotproject\components\data_validation.py", line 30, in validate_all_columns
    raise e
  File "E:\MyProjects\pilotproject\src\pilotproject\components\data_validation.py", line 17, in validate_all_columns
    expected_column_names = set(expected_column_names)
TypeError: 'method' object is not iterable
[2025-03-28 11:41:47,227] - INFO - main - >>>>>> stage: Data Ingestion Stage started <<<<<<
[2025-03-28 11:41:47,227] - INFO - common - yaml file: 'config\config.yaml' loaded successfully
[2025-03-28 11:41:47,227] - INFO - common - yaml file: 'params.yaml' loaded successfully
[2025-03-28 11:41:47,227] - INFO - common - yaml file: 'schema.yaml' loaded successfully
[2025-03-28 11:41:47,227] - INFO - common - created directory at: 'artifacts'
[2025-03-28 11:41:47,227] - INFO - common - created directory at: 'artifacts/data_ingestion'
[2025-03-28 11:41:47,227] - INFO - data_ingestion - File already exists
[2025-03-28 11:41:47,243] - INFO - main - >>>>>> stage: Data Ingestion Stage completed <<<<<<

x==========x
[2025-03-28 11:41:47,243] - INFO - main - >>>>>> stage: Data Validation Stage started <<<<<<
[2025-03-28 11:41:47,245] - INFO - common - yaml file: 'config\config.yaml' loaded successfully
[2025-03-28 11:41:47,246] - INFO - common - yaml file: 'params.yaml' loaded successfully
[2025-03-28 11:41:47,248] - INFO - common - yaml file: 'schema.yaml' loaded successfully
[2025-03-28 11:41:47,248] - INFO - common - created directory at: 'artifacts'
[2025-03-28 11:41:47,248] - INFO - common - created directory at: 'artifacts/data_validation'
[2025-03-28 11:41:47,260] - ERROR - main - 'method' object is not iterable
Traceback (most recent call last):
  File "E:\MyProjects\pilotproject\main.py", line 19, in <module>
    obj.initiate_data_validation()
  File "E:\MyProjects\pilotproject\src\pilotproject\pipeline\data_validation_pipeline.py", line 15, in initiate_data_validation
    data_validation.validate_all_columns()
  File "E:\MyProjects\pilotproject\src\pilotproject\components\data_validation.py", line 33, in validate_all_columns
    raise e
  File "E:\MyProjects\pilotproject\src\pilotproject\components\data_validation.py", line 20, in validate_all_columns
    expected_column_names = set(expected_column_names)
TypeError: 'method' object is not iterable
[2025-03-28 11:46:05,119] - INFO - main - >>>>>> stage: Data Ingestion Stage started <<<<<<
[2025-03-28 11:46:05,119] - INFO - common - yaml file: 'config\config.yaml' loaded successfully
[2025-03-28 11:46:05,119] - INFO - common - yaml file: 'params.yaml' loaded successfully
[2025-03-28 11:46:05,119] - INFO - common - yaml file: 'schema.yaml' loaded successfully
[2025-03-28 11:46:05,119] - INFO - common - created directory at: 'artifacts'
[2025-03-28 11:46:05,119] - INFO - common - created directory at: 'artifacts/data_ingestion'
[2025-03-28 11:46:05,119] - INFO - data_ingestion - File already exists
[2025-03-28 11:46:05,119] - INFO - main - >>>>>> stage: Data Ingestion Stage completed <<<<<<

x==========x
[2025-03-28 11:46:05,119] - INFO - main - >>>>>> stage: Data Validation Stage started <<<<<<
[2025-03-28 11:46:05,131] - INFO - common - yaml file: 'config\config.yaml' loaded successfully
[2025-03-28 11:46:05,132] - INFO - common - yaml file: 'params.yaml' loaded successfully
[2025-03-28 11:46:05,134] - INFO - common - yaml file: 'schema.yaml' loaded successfully
[2025-03-28 11:46:05,135] - INFO - common - created directory at: 'artifacts'
[2025-03-28 11:46:05,135] - INFO - common - created directory at: 'artifacts/data_validation'
[2025-03-28 11:46:05,164] - INFO - main - >>>>>> stage: Data Validation Stage completed <<<<<<

x==========x
[2025-03-28 11:47:03,892] - INFO - main - >>>>>> stage: Data Ingestion Stage started <<<<<<
[2025-03-28 11:47:03,892] - INFO - common - yaml file: 'config\config.yaml' loaded successfully
[2025-03-28 11:47:03,892] - INFO - common - yaml file: 'params.yaml' loaded successfully
[2025-03-28 11:47:03,892] - INFO - common - yaml file: 'schema.yaml' loaded successfully
[2025-03-28 11:47:03,892] - INFO - common - created directory at: 'artifacts'
[2025-03-28 11:47:03,892] - INFO - common - created directory at: 'artifacts/data_ingestion'
[2025-03-28 11:47:03,892] - INFO - data_ingestion - File already exists
[2025-03-28 11:47:03,892] - INFO - main - >>>>>> stage: Data Ingestion Stage completed <<<<<<

x==========x
[2025-03-28 11:47:03,892] - INFO - main - >>>>>> stage: Data Validation Stage started <<<<<<
[2025-03-28 11:47:03,900] - INFO - common - yaml file: 'config\config.yaml' loaded successfully
[2025-03-28 11:47:03,900] - INFO - common - yaml file: 'params.yaml' loaded successfully
[2025-03-28 11:47:03,902] - INFO - common - yaml file: 'schema.yaml' loaded successfully
[2025-03-28 11:47:03,903] - INFO - common - created directory at: 'artifacts'
[2025-03-28 11:47:03,903] - INFO - common - created directory at: 'artifacts/data_validation'
[2025-03-28 11:47:03,922] - INFO - main - >>>>>> stage: Data Validation Stage completed <<<<<<

x==========x
[2025-03-28 11:50:08,947] - INFO - main - >>>>>> stage: Data Ingestion Stage started <<<<<<
[2025-03-28 11:50:08,948] - INFO - common - yaml file: 'config\config.yaml' loaded successfully
[2025-03-28 11:50:08,949] - INFO - common - yaml file: 'params.yaml' loaded successfully
[2025-03-28 11:50:08,950] - INFO - common - yaml file: 'schema.yaml' loaded successfully
[2025-03-28 11:50:08,951] - INFO - common - created directory at: 'artifacts'
[2025-03-28 11:50:08,951] - INFO - common - created directory at: 'artifacts/data_ingestion'
[2025-03-28 11:50:08,951] - INFO - data_ingestion - File already exists
[2025-03-28 11:50:08,952] - INFO - main - >>>>>> stage: Data Ingestion Stage completed <<<<<<

x==========x
[2025-03-28 11:50:08,953] - INFO - main - >>>>>> stage: Data Validation Stage started <<<<<<
[2025-03-28 11:50:08,957] - INFO - common - yaml file: 'config\config.yaml' loaded successfully
[2025-03-28 11:50:08,958] - INFO - common - yaml file: 'params.yaml' loaded successfully
[2025-03-28 11:50:08,960] - INFO - common - yaml file: 'schema.yaml' loaded successfully
[2025-03-28 11:50:08,961] - INFO - common - created directory at: 'artifacts'
[2025-03-28 11:50:08,961] - INFO - common - created directory at: 'artifacts/data_validation'
[2025-03-28 11:50:08,980] - INFO - main - >>>>>> stage: Data Validation Stage completed <<<<<<

x==========x
[2025-03-28 11:51:31,295] - INFO - main - >>>>>> stage: Data Ingestion Stage started <<<<<<
[2025-03-28 11:51:31,295] - INFO - common - yaml file: 'config\config.yaml' loaded successfully
[2025-03-28 11:51:31,295] - INFO - common - yaml file: 'params.yaml' loaded successfully
[2025-03-28 11:51:31,295] - INFO - common - yaml file: 'schema.yaml' loaded successfully
[2025-03-28 11:51:31,295] - INFO - common - created directory at: 'artifacts'
[2025-03-28 11:51:31,295] - INFO - common - created directory at: 'artifacts/data_ingestion'
[2025-03-28 11:51:31,295] - INFO - data_ingestion - File already exists
[2025-03-28 11:51:31,295] - INFO - main - >>>>>> stage: Data Ingestion Stage completed <<<<<<

x==========x
[2025-03-28 11:51:31,295] - INFO - main - >>>>>> stage: Data Validation Stage started <<<<<<
[2025-03-28 11:51:31,311] - INFO - common - yaml file: 'config\config.yaml' loaded successfully
[2025-03-28 11:51:31,312] - INFO - common - yaml file: 'params.yaml' loaded successfully
[2025-03-28 11:51:31,313] - INFO - common - yaml file: 'schema.yaml' loaded successfully
[2025-03-28 11:51:31,314] - INFO - common - created directory at: 'artifacts'
[2025-03-28 11:51:31,315] - INFO - common - created directory at: 'artifacts/data_validation'
[2025-03-28 11:51:31,331] - ERROR - main - name 'logger' is not defined
Traceback (most recent call last):
  File "E:\MyProjects\pilotproject\main.py", line 19, in <module>
    obj.initiate_data_validation()
  File "E:\MyProjects\pilotproject\src\pilotproject\pipeline\data_validation_pipeline.py", line 15, in initiate_data_validation
    data_validation.validate_all_columns()
  File "E:\MyProjects\pilotproject\src\pilotproject\components\data_validation.py", line 18, in validate_all_columns
    logger.info("Performing Data validation")
NameError: name 'logger' is not defined
[2025-03-28 11:51:54,795] - INFO - main - >>>>>> stage: Data Ingestion Stage started <<<<<<
[2025-03-28 11:51:54,797] - INFO - common - yaml file: 'config\config.yaml' loaded successfully
[2025-03-28 11:51:54,797] - INFO - common - yaml file: 'params.yaml' loaded successfully
[2025-03-28 11:51:54,799] - INFO - common - yaml file: 'schema.yaml' loaded successfully
[2025-03-28 11:51:54,800] - INFO - common - created directory at: 'artifacts'
[2025-03-28 11:51:54,800] - INFO - common - created directory at: 'artifacts/data_ingestion'
[2025-03-28 11:51:54,800] - INFO - data_ingestion - File already exists
[2025-03-28 11:51:54,800] - INFO - main - >>>>>> stage: Data Ingestion Stage completed <<<<<<

x==========x
[2025-03-28 11:51:54,800] - INFO - main - >>>>>> stage: Data Validation Stage started <<<<<<
[2025-03-28 11:51:54,803] - INFO - common - yaml file: 'config\config.yaml' loaded successfully
[2025-03-28 11:51:54,803] - INFO - common - yaml file: 'params.yaml' loaded successfully
[2025-03-28 11:51:54,805] - INFO - common - yaml file: 'schema.yaml' loaded successfully
[2025-03-28 11:51:54,805] - INFO - common - created directory at: 'artifacts'
[2025-03-28 11:51:54,805] - INFO - common - created directory at: 'artifacts/data_validation'
[2025-03-28 11:51:54,858] - INFO - data_validation - Performing Data validation
[2025-03-28 11:51:54,864] - INFO - main - >>>>>> stage: Data Validation Stage completed <<<<<<

x==========x
[2025-03-28 11:53:01,411] - INFO - main - >>>>>> stage: Data Ingestion Stage started <<<<<<
[2025-03-28 11:53:01,411] - INFO - common - yaml file: 'config\config.yaml' loaded successfully
[2025-03-28 11:53:01,415] - INFO - common - yaml file: 'params.yaml' loaded successfully
[2025-03-28 11:53:01,416] - INFO - common - yaml file: 'schema.yaml' loaded successfully
[2025-03-28 11:53:01,416] - INFO - common - created directory at: 'artifacts'
[2025-03-28 11:53:01,417] - INFO - common - created directory at: 'artifacts/data_ingestion'
[2025-03-28 11:53:01,417] - INFO - data_ingestion - File already exists
[2025-03-28 11:53:01,418] - INFO - main - >>>>>> stage: Data Ingestion Stage completed <<<<<<

x==========x
[2025-03-28 11:53:01,421] - INFO - main - >>>>>> stage: Data Validation Stage started <<<<<<
[2025-03-28 11:53:01,422] - INFO - common - yaml file: 'config\config.yaml' loaded successfully
[2025-03-28 11:53:01,423] - INFO - common - yaml file: 'params.yaml' loaded successfully
[2025-03-28 11:53:01,425] - INFO - common - yaml file: 'schema.yaml' loaded successfully
[2025-03-28 11:53:01,425] - INFO - common - created directory at: 'artifacts'
[2025-03-28 11:53:01,425] - INFO - common - created directory at: 'artifacts/data_validation'
[2025-03-28 11:53:01,441] - INFO - data_validation - Performing Data validation
[2025-03-28 11:53:01,442] - INFO - data_validation - Writing Validation status to file at artifacts/data_validation/status.txt
[2025-03-28 11:53:01,442] - INFO - main - >>>>>> stage: Data Validation Stage completed <<<<<<

x==========x
[2025-03-28 11:53:18,289] - INFO - main - >>>>>> stage: Data Ingestion Stage started <<<<<<
[2025-03-28 11:53:18,289] - INFO - common - yaml file: 'config\config.yaml' loaded successfully
[2025-03-28 11:53:18,289] - INFO - common - yaml file: 'params.yaml' loaded successfully
[2025-03-28 11:53:18,289] - INFO - common - yaml file: 'schema.yaml' loaded successfully
[2025-03-28 11:53:18,289] - INFO - common - created directory at: 'artifacts'
[2025-03-28 11:53:18,289] - INFO - common - created directory at: 'artifacts/data_ingestion'
[2025-03-28 11:53:18,289] - INFO - data_ingestion - File already exists
[2025-03-28 11:53:18,289] - INFO - main - >>>>>> stage: Data Ingestion Stage completed <<<<<<

x==========x
[2025-03-28 11:53:18,289] - INFO - main - >>>>>> stage: Data Validation Stage started <<<<<<
[2025-03-28 11:53:18,302] - INFO - common - yaml file: 'config\config.yaml' loaded successfully
[2025-03-28 11:53:18,303] - INFO - common - yaml file: 'params.yaml' loaded successfully
[2025-03-28 11:53:18,304] - INFO - common - yaml file: 'schema.yaml' loaded successfully
[2025-03-28 11:53:18,304] - INFO - common - created directory at: 'artifacts'
[2025-03-28 11:53:18,305] - INFO - common - created directory at: 'artifacts/data_validation'
[2025-03-28 11:53:18,341] - INFO - data_validation - Performing Data validation
[2025-03-28 11:53:18,342] - INFO - data_validation - Writing Validation status to file at 'artifacts/data_validation/status.txt'
[2025-03-28 11:53:18,343] - INFO - main - >>>>>> stage: Data Validation Stage completed <<<<<<

x==========x
[2025-03-28 11:53:58,274] - INFO - main - >>>>>> stage: Data Ingestion Stage started <<<<<<
[2025-03-28 11:53:58,274] - INFO - common - yaml file: 'config\config.yaml' loaded successfully
[2025-03-28 11:53:58,274] - INFO - common - yaml file: 'params.yaml' loaded successfully
[2025-03-28 11:53:58,274] - INFO - common - yaml file: 'schema.yaml' loaded successfully
[2025-03-28 11:53:58,274] - INFO - common - created directory at: 'artifacts'
[2025-03-28 11:53:58,274] - INFO - common - created directory at: 'artifacts/data_ingestion'
[2025-03-28 11:53:59,276] - INFO - data_ingestion - File: 'artifacts/data_ingestion/data.zip' downloaded successfully with the following info: 
Connection: close
Content-Length: 23329
Cache-Control: max-age=300
Content-Security-Policy: default-src 'none'; style-src 'unsafe-inline'; sandbox
Content-Type: application/zip
ETag: "c69888a4ae59bc5a893392785a938ccd4937981c06ba8a9d6a21aa52b4ab5b6e"
Strict-Transport-Security: max-age=31536000
X-Content-Type-Options: nosniff
X-Frame-Options: deny
X-XSS-Protection: 1; mode=block
X-GitHub-Request-Id: 16ED:39D410:559ED5:BF4E16:67E68DD5
Accept-Ranges: bytes
Date: Fri, 28 Mar 2025 11:53:58 GMT
Via: 1.1 varnish
X-Served-By: cache-lhr-egll1980045-LHR
X-Cache: MISS
X-Cache-Hits: 0
X-Timer: S1743162838.171558,VS0,VE164
Vary: Authorization,Accept-Encoding,Origin
Access-Control-Allow-Origin: *
Cross-Origin-Resource-Policy: cross-origin
X-Fastly-Request-ID: aa44221a9027d5983da0b51bf21678739b1a5334
Expires: Fri, 28 Mar 2025 11:58:58 GMT
Source-Age: 0


[2025-03-28 11:53:59,301] - INFO - main - >>>>>> stage: Data Ingestion Stage completed <<<<<<

x==========x
[2025-03-28 11:53:59,304] - INFO - main - >>>>>> stage: Data Validation Stage started <<<<<<
[2025-03-28 11:53:59,306] - INFO - common - yaml file: 'config\config.yaml' loaded successfully
[2025-03-28 11:53:59,307] - INFO - common - yaml file: 'params.yaml' loaded successfully
[2025-03-28 11:53:59,309] - INFO - common - yaml file: 'schema.yaml' loaded successfully
[2025-03-28 11:53:59,310] - INFO - common - created directory at: 'artifacts'
[2025-03-28 11:53:59,310] - INFO - common - created directory at: 'artifacts/data_validation'
[2025-03-28 11:53:59,333] - INFO - data_validation - Performing Data validation
[2025-03-28 11:53:59,334] - INFO - data_validation - Writing Validation status to file at 'artifacts/data_validation/status.txt'
[2025-03-28 11:53:59,334] - INFO - main - >>>>>> stage: Data Validation Stage completed <<<<<<

x==========x
[2025-03-28 11:54:33,221] - INFO - main - >>>>>> stage: Data Ingestion Stage started <<<<<<
[2025-03-28 11:54:33,237] - INFO - common - yaml file: 'config\config.yaml' loaded successfully
[2025-03-28 11:54:33,237] - INFO - common - yaml file: 'params.yaml' loaded successfully
[2025-03-28 11:54:33,238] - INFO - common - yaml file: 'schema.yaml' loaded successfully
[2025-03-28 11:54:33,239] - INFO - common - created directory at: 'artifacts'
[2025-03-28 11:54:33,239] - INFO - common - created directory at: 'artifacts/data_ingestion'
[2025-03-28 11:54:33,239] - INFO - data_ingestion - File already exists
[2025-03-28 11:54:33,241] - INFO - main - >>>>>> stage: Data Ingestion Stage completed <<<<<<
x==========x

[2025-03-28 11:54:33,241] - INFO - main - >>>>>> stage: Data Validation Stage started <<<<<<
[2025-03-28 11:54:33,242] - INFO - common - yaml file: 'config\config.yaml' loaded successfully
[2025-03-28 11:54:33,243] - INFO - common - yaml file: 'params.yaml' loaded successfully
[2025-03-28 11:54:33,245] - INFO - common - yaml file: 'schema.yaml' loaded successfully
[2025-03-28 11:54:33,246] - INFO - common - created directory at: 'artifacts'
[2025-03-28 11:54:33,246] - INFO - common - created directory at: 'artifacts/data_validation'
[2025-03-28 11:54:33,265] - INFO - data_validation - Performing Data validation
[2025-03-28 11:54:33,266] - INFO - data_validation - Writing Validation status to file at 'artifacts/data_validation/status.txt'
[2025-03-28 11:54:33,266] - INFO - main - >>>>>> stage: Data Validation Stage completed <<<<<<
x==========x

[2025-03-28 11:54:52,458] - INFO - main - >>>>>> stage: Data Ingestion Stage started <<<<<<
[2025-03-28 11:54:52,458] - INFO - common - yaml file: 'config\config.yaml' loaded successfully
[2025-03-28 11:54:52,462] - INFO - common - yaml file: 'params.yaml' loaded successfully
[2025-03-28 11:54:52,462] - INFO - common - yaml file: 'schema.yaml' loaded successfully
[2025-03-28 11:54:52,462] - INFO - common - created directory at: 'artifacts'
[2025-03-28 11:54:52,462] - INFO - common - created directory at: 'artifacts/data_ingestion'
[2025-03-28 11:54:53,173] - INFO - data_ingestion - File: 'artifacts/data_ingestion/data.zip' downloaded successfully with the following info: 
Connection: close
Content-Length: 23329
Cache-Control: max-age=300
Content-Security-Policy: default-src 'none'; style-src 'unsafe-inline'; sandbox
Content-Type: application/zip
ETag: "c69888a4ae59bc5a893392785a938ccd4937981c06ba8a9d6a21aa52b4ab5b6e"
Strict-Transport-Security: max-age=31536000
X-Content-Type-Options: nosniff
X-Frame-Options: deny
X-XSS-Protection: 1; mode=block
X-GitHub-Request-Id: 0CE9:27EDCD:5699F1:BDCC1E:67E688A6
Accept-Ranges: bytes
Date: Fri, 28 Mar 2025 11:54:52 GMT
Via: 1.1 varnish
X-Served-By: cache-lcy-eglc8600038-LCY
X-Cache: HIT
X-Cache-Hits: 0
X-Timer: S1743162892.116135,VS0,VE132
Vary: Authorization,Accept-Encoding,Origin
Access-Control-Allow-Origin: *
Cross-Origin-Resource-Policy: cross-origin
X-Fastly-Request-ID: cde648da6943149cfeab47b94942b8a8a8170c2b
Expires: Fri, 28 Mar 2025 11:59:52 GMT
Source-Age: 0


[2025-03-28 11:54:53,207] - INFO - main - >>>>>> stage: Data Ingestion Stage completed <<<<<<
x==========x

[2025-03-28 11:54:53,208] - INFO - main - >>>>>> stage: Data Validation Stage started <<<<<<
[2025-03-28 11:54:53,208] - INFO - common - yaml file: 'config\config.yaml' loaded successfully
[2025-03-28 11:54:53,209] - INFO - common - yaml file: 'params.yaml' loaded successfully
[2025-03-28 11:54:53,210] - INFO - common - yaml file: 'schema.yaml' loaded successfully
[2025-03-28 11:54:53,211] - INFO - common - created directory at: 'artifacts'
[2025-03-28 11:54:53,211] - INFO - common - created directory at: 'artifacts/data_validation'
[2025-03-28 11:54:53,217] - INFO - data_validation - Performing Data validation
[2025-03-28 11:54:53,217] - INFO - data_validation - Writing Validation status to file at 'artifacts/data_validation/status.txt'
[2025-03-28 11:54:53,217] - INFO - main - >>>>>> stage: Data Validation Stage completed <<<<<<
x==========x

[2025-03-28 11:55:44,505] - INFO - main - >>>>>> stage: Data Ingestion Stage started <<<<<<
[2025-03-28 11:55:44,505] - INFO - common - yaml file: 'config\config.yaml' loaded successfully
[2025-03-28 11:55:44,505] - INFO - common - yaml file: 'params.yaml' loaded successfully
[2025-03-28 11:55:44,521] - INFO - common - yaml file: 'schema.yaml' loaded successfully
[2025-03-28 11:55:44,521] - INFO - common - created directory at: 'artifacts'
[2025-03-28 11:55:44,521] - INFO - common - created directory at: 'artifacts/data_ingestion'
[2025-03-28 11:55:45,151] - INFO - data_ingestion - File: 'artifacts/data_ingestion/data.zip' downloaded successfully with the following info: 
Connection: close
Content-Length: 23329
Cache-Control: max-age=300
Content-Security-Policy: default-src 'none'; style-src 'unsafe-inline'; sandbox
Content-Type: application/zip
ETag: "c69888a4ae59bc5a893392785a938ccd4937981c06ba8a9d6a21aa52b4ab5b6e"
Strict-Transport-Security: max-age=31536000
X-Content-Type-Options: nosniff
X-Frame-Options: deny
X-XSS-Protection: 1; mode=block
X-GitHub-Request-Id: 0CE9:27EDCD:5699F1:BDCC1E:67E688A6
Accept-Ranges: bytes
Date: Fri, 28 Mar 2025 11:55:44 GMT
Via: 1.1 varnish
X-Served-By: cache-lcy-eglc8600023-LCY
X-Cache: HIT
X-Cache-Hits: 1
X-Timer: S1743162944.211044,VS0,VE1
Vary: Authorization,Accept-Encoding,Origin
Access-Control-Allow-Origin: *
Cross-Origin-Resource-Policy: cross-origin
X-Fastly-Request-ID: d30623023d359385ba19e4ee780c673fe3e5a90c
Expires: Fri, 28 Mar 2025 12:00:44 GMT
Source-Age: 52


[2025-03-28 11:55:45,172] - INFO - main - >>>>>> stage: Data Ingestion Stage completed <<<<<<
x==========x

[2025-03-28 11:55:45,173] - INFO - main - >>>>>> stage: Data Validation Stage started <<<<<<
[2025-03-28 11:55:45,177] - INFO - common - yaml file: 'config\config.yaml' loaded successfully
[2025-03-28 11:55:45,178] - INFO - common - yaml file: 'params.yaml' loaded successfully
[2025-03-28 11:55:45,180] - INFO - common - yaml file: 'schema.yaml' loaded successfully
[2025-03-28 11:55:45,181] - INFO - common - created directory at: 'artifacts'
[2025-03-28 11:55:45,192] - INFO - common - created directory at: 'artifacts/data_validation'
[2025-03-28 11:55:45,206] - INFO - data_validation - Performing data validation
[2025-03-28 11:55:45,206] - INFO - data_validation - Writing validation status to file at 'artifacts/data_validation/status.txt'
[2025-03-28 11:55:45,206] - INFO - main - >>>>>> stage: Data Validation Stage completed <<<<<<
x==========x

[2025-03-28 13:13:49,907] - INFO - main - >>>>>> stage: Data Ingestion Stage started <<<<<<
[2025-03-28 13:13:49,909] - INFO - common - yaml file: 'config\config.yaml' loaded successfully
[2025-03-28 13:13:49,910] - INFO - common - yaml file: 'params.yaml' loaded successfully
[2025-03-28 13:13:49,912] - INFO - common - yaml file: 'schema.yaml' loaded successfully
[2025-03-28 13:13:49,913] - INFO - common - created directory at: 'artifacts'
[2025-03-28 13:13:49,913] - INFO - common - created directory at: 'artifacts/data_ingestion'
[2025-03-28 13:13:49,913] - INFO - data_ingestion - File already exists
[2025-03-28 13:13:49,915] - INFO - main - >>>>>> stage: Data Ingestion Stage completed <<<<<<
x==========x

[2025-03-28 13:13:49,915] - INFO - main - >>>>>> stage: Data Validation Stage started <<<<<<
[2025-03-28 13:13:49,917] - INFO - common - yaml file: 'config\config.yaml' loaded successfully
[2025-03-28 13:13:49,918] - INFO - common - yaml file: 'params.yaml' loaded successfully
[2025-03-28 13:13:49,920] - INFO - common - yaml file: 'schema.yaml' loaded successfully
[2025-03-28 13:13:49,920] - INFO - common - created directory at: 'artifacts'
[2025-03-28 13:13:49,921] - INFO - common - created directory at: 'artifacts/data_validation'
[2025-03-28 13:13:49,949] - INFO - data_validation - Performing data validation
[2025-03-28 13:13:49,950] - INFO - data_validation - Writing validation status to file at 'artifacts/data_validation/status.txt'
[2025-03-28 13:13:49,950] - INFO - main - >>>>>> stage: Data Validation Stage completed <<<<<<
x==========x

[2025-03-28 13:13:49,950] - INFO - main - >>>>>> stage: Data Transformation Stage started <<<<<<
[2025-03-28 13:13:49,952] - INFO - common - yaml file: 'config\config.yaml' loaded successfully
[2025-03-28 13:13:49,952] - INFO - common - yaml file: 'params.yaml' loaded successfully
[2025-03-28 13:13:49,954] - INFO - common - yaml file: 'schema.yaml' loaded successfully
[2025-03-28 13:13:49,955] - INFO - common - created directory at: 'artifacts'
[2025-03-28 13:13:49,956] - ERROR - main - "'ConfigBox' object has no attribute 'data_transformation'"
Traceback (most recent call last):
  File "box\\box.py", line 594, in box.box.Box.__getitem__
KeyError: 'data_transformation'

The above exception was the direct cause of the following exception:

Traceback (most recent call last):
  File "box\\box.py", line 633, in box.box.Box.__getattr__
  File "box\\box.py", line 621, in box.box.Box.__getitem__
box.exceptions.BoxKeyError: "'data_transformation'"

During handling of the above exception, another exception occurred:

Traceback (most recent call last):
  File "box\\box.py", line 635, in box.box.Box.__getattr__
AttributeError: 'ConfigBox' object has no attribute 'data_transformation'

The above exception was the direct cause of the following exception:

Traceback (most recent call last):
  File "box\\config_box.py", line 29, in box.config_box.ConfigBox.__getattr__
  File "box\\box.py", line 649, in box.box.Box.__getattr__
box.exceptions.BoxKeyError: "'ConfigBox' object has no attribute 'data_transformation'"

During handling of the above exception, another exception occurred:

Traceback (most recent call last):
  File "box\\box.py", line 594, in box.box.Box.__getitem__
KeyError: 'data_transformation'

The above exception was the direct cause of the following exception:

Traceback (most recent call last):
  File "box\\box.py", line 633, in box.box.Box.__getattr__
  File "box\\box.py", line 621, in box.box.Box.__getitem__
box.exceptions.BoxKeyError: "'data_transformation'"

During handling of the above exception, another exception occurred:

Traceback (most recent call last):
  File "box\\box.py", line 635, in box.box.Box.__getattr__
AttributeError: 'ConfigBox' object has no attribute 'data_transformation'

The above exception was the direct cause of the following exception:

Traceback (most recent call last):
  File "E:\MyProjects\pilotproject\main.py", line 31, in <module>
    obj.initiate_data_transformation()
  File "E:\MyProjects\pilotproject\src\pilotproject\pipeline\data_transformation_pipeline.py", line 13, in initiate_data_transformation
    data_transformation_config=config.get_data_transformation_config()
  File "E:\MyProjects\pilotproject\src\pilotproject\config\configuration.py", line 46, in get_data_transformation_config
    config=self.config.data_transformation
  File "box\\config_box.py", line 31, in box.config_box.ConfigBox.__getattr__
  File "box\\box.py", line 649, in box.box.Box.__getattr__
box.exceptions.BoxKeyError: "'ConfigBox' object has no attribute 'data_transformation'"
[2025-03-28 13:18:35,708] - INFO - main - >>>>>> stage: Data Ingestion Stage started <<<<<<
[2025-03-28 13:18:35,733] - INFO - common - yaml file: 'config\config.yaml' loaded successfully
[2025-03-28 13:18:35,733] - INFO - common - yaml file: 'params.yaml' loaded successfully
[2025-03-28 13:18:35,736] - INFO - common - yaml file: 'schema.yaml' loaded successfully
[2025-03-28 13:18:35,736] - INFO - common - created directory at: 'artifacts'
[2025-03-28 13:18:35,736] - INFO - common - created directory at: 'artifacts/data_ingestion'
[2025-03-28 13:18:35,737] - INFO - data_ingestion - File already exists
[2025-03-28 13:18:35,738] - INFO - main - >>>>>> stage: Data Ingestion Stage completed <<<<<<
x==========x

[2025-03-28 13:18:35,738] - INFO - main - >>>>>> stage: Data Validation Stage started <<<<<<
[2025-03-28 13:18:35,740] - INFO - common - yaml file: 'config\config.yaml' loaded successfully
[2025-03-28 13:18:35,740] - INFO - common - yaml file: 'params.yaml' loaded successfully
[2025-03-28 13:18:35,742] - INFO - common - yaml file: 'schema.yaml' loaded successfully
[2025-03-28 13:18:35,743] - INFO - common - created directory at: 'artifacts'
[2025-03-28 13:18:35,743] - INFO - common - created directory at: 'artifacts/data_validation'
[2025-03-28 13:18:35,765] - INFO - data_validation - Performing data validation
[2025-03-28 13:18:35,766] - INFO - data_validation - Writing validation status to file at 'artifacts/data_validation/status.txt'
[2025-03-28 13:18:35,766] - INFO - main - >>>>>> stage: Data Validation Stage completed <<<<<<
x==========x

[2025-03-28 13:18:35,766] - INFO - main - >>>>>> stage: Data Transformation Stage started <<<<<<
[2025-03-28 13:18:35,768] - INFO - common - yaml file: 'config\config.yaml' loaded successfully
[2025-03-28 13:18:35,769] - INFO - common - yaml file: 'params.yaml' loaded successfully
[2025-03-28 13:18:35,771] - INFO - common - yaml file: 'schema.yaml' loaded successfully
[2025-03-28 13:18:35,771] - INFO - common - created directory at: 'artifacts'
[2025-03-28 13:18:35,771] - INFO - common - created directory at: 'artifacts/data_transformation'
[2025-03-28 13:18:35,779] - INFO - data_transformation - Splited data into training and testing sets
[2025-03-28 13:18:35,789] - INFO - data_transformation - Training data set saved at path: 'artifacts/data_transformation\train.csv'
[2025-03-28 13:18:35,789] - INFO - data_transformation - Shape of training data set: (1199, 12)
[2025-03-28 13:18:35,791] - INFO - data_transformation - Testing data set saved at path: 'artifacts/data_transformation\test.csv'
[2025-03-28 13:18:35,791] - INFO - data_transformation - Shape of testing data set: (400, 12)
[2025-03-28 13:18:35,791] - INFO - main - >>>>>> stage: Data Transformation Stage completed <<<<<<
x==========x

[2025-03-28 13:19:14,672] - INFO - main - >>>>>> stage: Data Ingestion Stage started <<<<<<
[2025-03-28 13:19:14,674] - INFO - common - yaml file: 'config\config.yaml' loaded successfully
[2025-03-28 13:19:14,674] - INFO - common - yaml file: 'params.yaml' loaded successfully
[2025-03-28 13:19:14,675] - INFO - common - yaml file: 'schema.yaml' loaded successfully
[2025-03-28 13:19:14,676] - INFO - common - created directory at: 'artifacts'
[2025-03-28 13:19:14,676] - INFO - common - created directory at: 'artifacts/data_ingestion'
[2025-03-28 13:19:15,684] - INFO - data_ingestion - File: 'artifacts/data_ingestion/data.zip' downloaded successfully with the following info: 
Connection: close
Content-Length: 23329
Cache-Control: max-age=300
Content-Security-Policy: default-src 'none'; style-src 'unsafe-inline'; sandbox
Content-Type: application/zip
ETag: "c69888a4ae59bc5a893392785a938ccd4937981c06ba8a9d6a21aa52b4ab5b6e"
Strict-Transport-Security: max-age=31536000
X-Content-Type-Options: nosniff
X-Frame-Options: deny
X-XSS-Protection: 1; mode=block
X-GitHub-Request-Id: 9606:32E4F8:27BAD2:5C19FB:67E6A1D1
Accept-Ranges: bytes
Date: Fri, 28 Mar 2025 13:19:14 GMT
Via: 1.1 varnish
X-Served-By: cache-lhr-egll1980045-LHR
X-Cache: MISS
X-Cache-Hits: 0
X-Timer: S1743167955.622723,VS0,VE182
Vary: Authorization,Accept-Encoding,Origin
Access-Control-Allow-Origin: *
Cross-Origin-Resource-Policy: cross-origin
X-Fastly-Request-ID: 4b69261145f0c1ed3072b5b93272cbe9593fc38b
Expires: Fri, 28 Mar 2025 13:24:14 GMT
Source-Age: 0


[2025-03-28 13:19:15,701] - INFO - main - >>>>>> stage: Data Ingestion Stage completed <<<<<<
x==========x

[2025-03-28 13:19:15,701] - INFO - main - >>>>>> stage: Data Validation Stage started <<<<<<
[2025-03-28 13:19:15,703] - INFO - common - yaml file: 'config\config.yaml' loaded successfully
[2025-03-28 13:19:15,703] - INFO - common - yaml file: 'params.yaml' loaded successfully
[2025-03-28 13:19:15,703] - INFO - common - yaml file: 'schema.yaml' loaded successfully
[2025-03-28 13:19:15,706] - INFO - common - created directory at: 'artifacts'
[2025-03-28 13:19:15,717] - INFO - common - created directory at: 'artifacts/data_validation'
[2025-03-28 13:19:15,728] - INFO - data_validation - Performing data validation
[2025-03-28 13:19:15,728] - INFO - data_validation - Writing validation status to file at 'artifacts/data_validation/status.txt'
[2025-03-28 13:19:15,728] - INFO - main - >>>>>> stage: Data Validation Stage completed <<<<<<
x==========x

[2025-03-28 13:19:15,729] - INFO - main - >>>>>> stage: Data Transformation Stage started <<<<<<
[2025-03-28 13:19:15,730] - INFO - common - yaml file: 'config\config.yaml' loaded successfully
[2025-03-28 13:19:15,730] - INFO - common - yaml file: 'params.yaml' loaded successfully
[2025-03-28 13:19:15,732] - INFO - common - yaml file: 'schema.yaml' loaded successfully
[2025-03-28 13:19:15,732] - INFO - common - created directory at: 'artifacts'
[2025-03-28 13:19:15,733] - INFO - common - created directory at: 'artifacts/data_transformation'
[2025-03-28 13:19:15,736] - INFO - data_transformation - Splited data into training and testing sets
[2025-03-28 13:19:15,744] - INFO - data_transformation - Training data set saved at path: 'artifacts/data_transformation\train.csv'
[2025-03-28 13:19:15,744] - INFO - data_transformation - Shape of training data set: (1199, 12)
[2025-03-28 13:19:15,747] - INFO - data_transformation - Testing data set saved at path: 'artifacts/data_transformation\test.csv'
[2025-03-28 13:19:15,747] - INFO - data_transformation - Shape of testing data set: (400, 12)
[2025-03-28 13:19:15,747] - INFO - main - >>>>>> stage: Data Transformation Stage completed <<<<<<
x==========x

[2025-03-28 13:39:46,034] - INFO - main - >>>>>> stage: Data Ingestion Stage started <<<<<<
[2025-03-28 13:39:46,048] - INFO - common - yaml file: 'config\config.yaml' loaded successfully
[2025-03-28 13:39:46,048] - INFO - common - yaml file: 'params.yaml' loaded successfully
[2025-03-28 13:39:46,050] - INFO - common - yaml file: 'schema.yaml' loaded successfully
[2025-03-28 13:39:46,050] - INFO - common - created directory at: 'artifacts'
[2025-03-28 13:39:46,050] - INFO - common - created directory at: 'artifacts/data_ingestion'
[2025-03-28 13:39:46,984] - INFO - data_ingestion - File: 'artifacts/data_ingestion/data.zip' downloaded successfully with the following info: 
Connection: close
Content-Length: 23329
Cache-Control: max-age=300
Content-Security-Policy: default-src 'none'; style-src 'unsafe-inline'; sandbox
Content-Type: application/zip
ETag: "c69888a4ae59bc5a893392785a938ccd4937981c06ba8a9d6a21aa52b4ab5b6e"
Strict-Transport-Security: max-age=31536000
X-Content-Type-Options: nosniff
X-Frame-Options: deny
X-XSS-Protection: 1; mode=block
X-GitHub-Request-Id: 878D:12FA68:14A898:308B99:67E6A69C
Accept-Ranges: bytes
Date: Fri, 28 Mar 2025 13:39:46 GMT
Via: 1.1 varnish
X-Served-By: cache-lcy-eglc8600021-LCY
X-Cache: MISS
X-Cache-Hits: 0
X-Timer: S1743169186.960781,VS0,VE154
Vary: Authorization,Accept-Encoding,Origin
Access-Control-Allow-Origin: *
Cross-Origin-Resource-Policy: cross-origin
X-Fastly-Request-ID: 80f861cc7f5f40f567e3dc4601e5d1179feefdd2
Expires: Fri, 28 Mar 2025 13:44:46 GMT
Source-Age: 0


[2025-03-28 13:39:46,996] - INFO - main - >>>>>> stage: Data Ingestion Stage completed <<<<<<
x==========x

[2025-03-28 13:39:46,996] - INFO - main - >>>>>> stage: Data Validation Stage started <<<<<<
[2025-03-28 13:39:46,996] - INFO - common - yaml file: 'config\config.yaml' loaded successfully
[2025-03-28 13:39:46,998] - INFO - common - yaml file: 'params.yaml' loaded successfully
[2025-03-28 13:39:46,999] - INFO - common - yaml file: 'schema.yaml' loaded successfully
[2025-03-28 13:39:47,000] - INFO - common - created directory at: 'artifacts'
[2025-03-28 13:39:47,000] - INFO - common - created directory at: 'artifacts/data_validation'
[2025-03-28 13:39:47,008] - INFO - data_validation - Performing data validation
[2025-03-28 13:39:47,008] - INFO - data_validation - Writing validation status to file at 'artifacts/data_validation/status.txt'
[2025-03-28 13:39:47,008] - INFO - main - >>>>>> stage: Data Validation Stage completed <<<<<<
x==========x

[2025-03-28 13:39:47,008] - INFO - main - >>>>>> stage: Data Transformation Stage started <<<<<<
[2025-03-28 13:39:47,012] - INFO - common - yaml file: 'config\config.yaml' loaded successfully
[2025-03-28 13:39:47,012] - INFO - common - yaml file: 'params.yaml' loaded successfully
[2025-03-28 13:39:47,014] - INFO - common - yaml file: 'schema.yaml' loaded successfully
[2025-03-28 13:39:47,015] - INFO - common - created directory at: 'artifacts'
[2025-03-28 13:39:47,015] - INFO - common - created directory at: 'artifacts/data_transformation'
[2025-03-28 13:39:47,015] - ERROR - main - DataTransformationConfig.__init__() got an unexpected keyword argument 'STATUS_FILE'
Traceback (most recent call last):
  File "E:\MyProjects\pilotproject\main.py", line 31, in <module>
    obj.initiate_data_transformation()
  File "E:\MyProjects\pilotproject\src\pilotproject\pipeline\data_transformation_pipeline.py", line 14, in initiate_data_transformation
    data_transformation_config=config.get_data_transformation_config()
  File "E:\MyProjects\pilotproject\src\pilotproject\config\configuration.py", line 49, in get_data_transformation_config
    data_transformation_config=DataTransformationConfig(
TypeError: DataTransformationConfig.__init__() got an unexpected keyword argument 'STATUS_FILE'
[2025-03-28 13:40:52,151] - INFO - main - >>>>>> stage: Data Ingestion Stage started <<<<<<
[2025-03-28 13:40:52,154] - INFO - common - yaml file: 'config\config.yaml' loaded successfully
[2025-03-28 13:40:52,155] - INFO - common - yaml file: 'params.yaml' loaded successfully
[2025-03-28 13:40:52,156] - INFO - common - yaml file: 'schema.yaml' loaded successfully
[2025-03-28 13:40:52,156] - INFO - common - created directory at: 'artifacts'
[2025-03-28 13:40:52,157] - INFO - common - created directory at: 'artifacts/data_ingestion'
[2025-03-28 13:40:52,157] - INFO - data_ingestion - File already exists
[2025-03-28 13:40:52,159] - INFO - main - >>>>>> stage: Data Ingestion Stage completed <<<<<<
x==========x

[2025-03-28 13:40:52,159] - INFO - main - >>>>>> stage: Data Validation Stage started <<<<<<
[2025-03-28 13:40:52,160] - INFO - common - yaml file: 'config\config.yaml' loaded successfully
[2025-03-28 13:40:52,161] - INFO - common - yaml file: 'params.yaml' loaded successfully
[2025-03-28 13:40:52,162] - INFO - common - yaml file: 'schema.yaml' loaded successfully
[2025-03-28 13:40:52,162] - INFO - common - created directory at: 'artifacts'
[2025-03-28 13:40:52,163] - INFO - common - created directory at: 'artifacts/data_validation'
[2025-03-28 13:40:52,196] - INFO - data_validation - Performing data validation
[2025-03-28 13:40:52,197] - INFO - data_validation - Writing validation status to file at 'artifacts/data_validation/status.txt'
[2025-03-28 13:40:52,198] - INFO - main - >>>>>> stage: Data Validation Stage completed <<<<<<
x==========x

[2025-03-28 13:40:52,198] - INFO - main - >>>>>> stage: Data Transformation Stage started <<<<<<
[2025-03-28 13:40:52,200] - INFO - common - yaml file: 'config\config.yaml' loaded successfully
[2025-03-28 13:40:52,201] - INFO - common - yaml file: 'params.yaml' loaded successfully
[2025-03-28 13:40:52,203] - INFO - common - yaml file: 'schema.yaml' loaded successfully
[2025-03-28 13:40:52,203] - INFO - common - created directory at: 'artifacts'
[2025-03-28 13:40:52,203] - INFO - common - created directory at: 'artifacts/data_transformation'
[2025-03-28 13:40:52,204] - ERROR - main - DataTransformationConfig.__init__() got an unexpected keyword argument 'STATUS_FILE'
Traceback (most recent call last):
  File "E:\MyProjects\pilotproject\main.py", line 31, in <module>
    obj.initiate_data_transformation()
  File "E:\MyProjects\pilotproject\src\pilotproject\pipeline\data_transformation_pipeline.py", line 14, in initiate_data_transformation
    data_transformation_config=config.get_data_transformation_config()
  File "E:\MyProjects\pilotproject\src\pilotproject\config\configuration.py", line 49, in get_data_transformation_config
    data_transformation_config=DataTransformationConfig(
TypeError: DataTransformationConfig.__init__() got an unexpected keyword argument 'STATUS_FILE'
[2025-03-28 13:41:37,696] - INFO - main - >>>>>> stage: Data Ingestion Stage started <<<<<<
[2025-03-28 13:41:37,698] - INFO - common - yaml file: 'config\config.yaml' loaded successfully
[2025-03-28 13:41:37,698] - INFO - common - yaml file: 'params.yaml' loaded successfully
[2025-03-28 13:41:37,699] - INFO - common - yaml file: 'schema.yaml' loaded successfully
[2025-03-28 13:41:37,700] - INFO - common - created directory at: 'artifacts'
[2025-03-28 13:41:37,700] - INFO - common - created directory at: 'artifacts/data_ingestion'
[2025-03-28 13:41:37,700] - INFO - data_ingestion - File already exists
[2025-03-28 13:41:37,703] - INFO - main - >>>>>> stage: Data Ingestion Stage completed <<<<<<
x==========x

[2025-03-28 13:41:37,703] - INFO - main - >>>>>> stage: Data Validation Stage started <<<<<<
[2025-03-28 13:41:37,705] - INFO - common - yaml file: 'config\config.yaml' loaded successfully
[2025-03-28 13:41:37,705] - INFO - common - yaml file: 'params.yaml' loaded successfully
[2025-03-28 13:41:37,707] - INFO - common - yaml file: 'schema.yaml' loaded successfully
[2025-03-28 13:41:37,708] - INFO - common - created directory at: 'artifacts'
[2025-03-28 13:41:37,708] - INFO - common - created directory at: 'artifacts/data_validation'
[2025-03-28 13:41:37,722] - INFO - data_validation - Performing data validation
[2025-03-28 13:41:37,723] - INFO - data_validation - Writing validation status to file at 'artifacts/data_validation/status.txt'
[2025-03-28 13:41:37,723] - INFO - main - >>>>>> stage: Data Validation Stage completed <<<<<<
x==========x

[2025-03-28 13:41:37,723] - INFO - main - >>>>>> stage: Data Transformation Stage started <<<<<<
[2025-03-28 13:41:37,725] - INFO - common - yaml file: 'config\config.yaml' loaded successfully
[2025-03-28 13:41:37,725] - INFO - common - yaml file: 'params.yaml' loaded successfully
[2025-03-28 13:41:37,727] - INFO - common - yaml file: 'schema.yaml' loaded successfully
[2025-03-28 13:41:37,727] - INFO - common - created directory at: 'artifacts'
[2025-03-28 13:41:37,727] - INFO - common - created directory at: 'artifacts/data_transformation'
[2025-03-28 13:41:37,728] - ERROR - main - DataTransformationConfig.__init__() got an unexpected keyword argument 'STATUS_FILE'
Traceback (most recent call last):
  File "E:\MyProjects\pilotproject\main.py", line 31, in <module>
    obj.initiate_data_transformation()
  File "E:\MyProjects\pilotproject\src\pilotproject\pipeline\data_transformation_pipeline.py", line 14, in initiate_data_transformation
    data_transformation_config=config.get_data_transformation_config()
  File "E:\MyProjects\pilotproject\src\pilotproject\config\configuration.py", line 49, in get_data_transformation_config
    data_transformation_config=DataTransformationConfig(
TypeError: DataTransformationConfig.__init__() got an unexpected keyword argument 'STATUS_FILE'
[2025-03-28 13:46:21,952] - INFO - main - >>>>>> stage: Data Ingestion Stage started <<<<<<
[2025-03-28 13:46:21,953] - INFO - common - yaml file: 'config\config.yaml' loaded successfully
[2025-03-28 13:46:21,954] - INFO - common - yaml file: 'params.yaml' loaded successfully
[2025-03-28 13:46:21,956] - INFO - common - yaml file: 'schema.yaml' loaded successfully
[2025-03-28 13:46:21,956] - INFO - common - created directory at: 'artifacts'
[2025-03-28 13:46:21,956] - INFO - common - created directory at: 'artifacts/data_ingestion'
[2025-03-28 13:46:21,956] - INFO - data_ingestion - File already exists
[2025-03-28 13:46:21,957] - INFO - main - >>>>>> stage: Data Ingestion Stage completed <<<<<<
x==========x

[2025-03-28 13:46:21,957] - INFO - main - >>>>>> stage: Data Validation Stage started <<<<<<
[2025-03-28 13:46:21,959] - INFO - common - yaml file: 'config\config.yaml' loaded successfully
[2025-03-28 13:46:21,960] - INFO - common - yaml file: 'params.yaml' loaded successfully
[2025-03-28 13:46:21,963] - INFO - common - yaml file: 'schema.yaml' loaded successfully
[2025-03-28 13:46:21,964] - INFO - common - created directory at: 'artifacts'
[2025-03-28 13:46:21,964] - INFO - common - created directory at: 'artifacts/data_validation'
[2025-03-28 13:46:21,995] - INFO - data_validation - Performing data validation
[2025-03-28 13:46:21,995] - INFO - data_validation - Writing validation status to file at 'artifacts/data_validation/status.txt'
[2025-03-28 13:46:21,996] - INFO - main - >>>>>> stage: Data Validation Stage completed <<<<<<
x==========x

[2025-03-28 13:46:21,996] - INFO - main - >>>>>> stage: Data Transformation Stage started <<<<<<
[2025-03-28 13:46:21,997] - INFO - common - yaml file: 'config\config.yaml' loaded successfully
[2025-03-28 13:46:21,997] - INFO - common - yaml file: 'params.yaml' loaded successfully
[2025-03-28 13:46:21,997] - INFO - common - yaml file: 'schema.yaml' loaded successfully
[2025-03-28 13:46:21,997] - INFO - common - created directory at: 'artifacts'
[2025-03-28 13:46:22,001] - INFO - common - created directory at: 'artifacts/data_transformation'
[2025-03-28 13:46:22,001] - ERROR - main - DataTransformationConfig.__init__() got an unexpected keyword argument 'STATUS_FILE'
Traceback (most recent call last):
  File "E:\MyProjects\pilotproject\main.py", line 31, in <module>
    obj.initiate_data_transformation()
  File "E:\MyProjects\pilotproject\src\pilotproject\pipeline\data_transformation_pipeline.py", line 14, in initiate_data_transformation
    data_transformation_config=config.get_data_transformation_config()
  File "E:\MyProjects\pilotproject\src\pilotproject\config\configuration.py", line 49, in get_data_transformation_config
    data_transformation_config=DataTransformationConfig(
TypeError: DataTransformationConfig.__init__() got an unexpected keyword argument 'STATUS_FILE'
[2025-03-28 13:47:02,337] - INFO - main - >>>>>> stage: Data Ingestion Stage started <<<<<<
[2025-03-28 13:47:02,337] - INFO - common - yaml file: 'config\config.yaml' loaded successfully
[2025-03-28 13:47:02,337] - INFO - common - yaml file: 'params.yaml' loaded successfully
[2025-03-28 13:47:02,337] - INFO - common - yaml file: 'schema.yaml' loaded successfully
[2025-03-28 13:47:02,337] - INFO - common - created directory at: 'artifacts'
[2025-03-28 13:47:02,337] - INFO - common - created directory at: 'artifacts/data_ingestion'
[2025-03-28 13:47:02,337] - INFO - data_ingestion - File already exists
[2025-03-28 13:47:02,337] - INFO - main - >>>>>> stage: Data Ingestion Stage completed <<<<<<
x==========x

[2025-03-28 13:47:02,337] - INFO - main - >>>>>> stage: Data Validation Stage started <<<<<<
[2025-03-28 13:47:02,348] - INFO - common - yaml file: 'config\config.yaml' loaded successfully
[2025-03-28 13:47:02,349] - INFO - common - yaml file: 'params.yaml' loaded successfully
[2025-03-28 13:47:02,351] - INFO - common - yaml file: 'schema.yaml' loaded successfully
[2025-03-28 13:47:02,351] - INFO - common - created directory at: 'artifacts'
[2025-03-28 13:47:02,352] - INFO - common - created directory at: 'artifacts/data_validation'
[2025-03-28 13:47:02,369] - INFO - data_validation - Performing data validation
[2025-03-28 13:47:02,369] - INFO - data_validation - Writing validation status to file at 'artifacts/data_validation/status.txt'
[2025-03-28 13:47:02,369] - INFO - main - >>>>>> stage: Data Validation Stage completed <<<<<<
x==========x

[2025-03-28 13:47:02,369] - INFO - main - >>>>>> stage: Data Transformation Stage started <<<<<<
[2025-03-28 13:47:02,372] - INFO - common - yaml file: 'config\config.yaml' loaded successfully
[2025-03-28 13:47:02,372] - INFO - common - yaml file: 'params.yaml' loaded successfully
[2025-03-28 13:47:02,372] - INFO - common - yaml file: 'schema.yaml' loaded successfully
[2025-03-28 13:47:02,375] - INFO - common - created directory at: 'artifacts'
[2025-03-28 13:47:02,375] - INFO - common - created directory at: 'artifacts/data_transformation'
[2025-03-28 13:47:02,376] - INFO - data_transformation_pipeline - Checking valdation status...
[2025-03-28 13:47:02,377] - INFO - data_transformation_pipeline - Valdation status: 'True
[2025-03-28 13:47:02,380] - INFO - data_transformation - Splited data into training and testing sets
[2025-03-28 13:47:02,386] - INFO - data_transformation - Training data set saved at path: 'artifacts/data_transformation\train.csv'
[2025-03-28 13:47:02,386] - INFO - data_transformation - Shape of training data set: (1199, 12)
[2025-03-28 13:47:02,389] - INFO - data_transformation - Testing data set saved at path: 'artifacts/data_transformation\test.csv'
[2025-03-28 13:47:02,390] - INFO - data_transformation - Shape of testing data set: (400, 12)
[2025-03-28 13:47:02,390] - INFO - main - >>>>>> stage: Data Transformation Stage completed <<<<<<
x==========x

[2025-03-28 13:47:17,928] - INFO - main - >>>>>> stage: Data Ingestion Stage started <<<<<<
[2025-03-28 13:47:17,930] - INFO - common - yaml file: 'config\config.yaml' loaded successfully
[2025-03-28 13:47:17,930] - INFO - common - yaml file: 'params.yaml' loaded successfully
[2025-03-28 13:47:17,932] - INFO - common - yaml file: 'schema.yaml' loaded successfully
[2025-03-28 13:47:17,932] - INFO - common - created directory at: 'artifacts'
[2025-03-28 13:47:17,932] - INFO - common - created directory at: 'artifacts/data_ingestion'
[2025-03-28 13:47:18,935] - INFO - data_ingestion - File: 'artifacts/data_ingestion/data.zip' downloaded successfully with the following info: 
Connection: close
Content-Length: 23329
Cache-Control: max-age=300
Content-Security-Policy: default-src 'none'; style-src 'unsafe-inline'; sandbox
Content-Type: application/zip
ETag: "c69888a4ae59bc5a893392785a938ccd4937981c06ba8a9d6a21aa52b4ab5b6e"
Strict-Transport-Security: max-age=31536000
X-Content-Type-Options: nosniff
X-Frame-Options: deny
X-XSS-Protection: 1; mode=block
X-GitHub-Request-Id: 9606:32E4F8:27BAD2:5C19FB:67E6A1D1
Accept-Ranges: bytes
Date: Fri, 28 Mar 2025 13:47:18 GMT
Via: 1.1 varnish
X-Served-By: cache-lhr-egll1980093-LHR
X-Cache: HIT
X-Cache-Hits: 0
X-Timer: S1743169638.937485,VS0,VE134
Vary: Authorization,Accept-Encoding,Origin
Access-Control-Allow-Origin: *
Cross-Origin-Resource-Policy: cross-origin
X-Fastly-Request-ID: 9ec67714a04881ef3bddb562c6419f6cb65112ab
Expires: Fri, 28 Mar 2025 13:52:18 GMT
Source-Age: 0


[2025-03-28 13:47:18,964] - INFO - main - >>>>>> stage: Data Ingestion Stage completed <<<<<<
x==========x

[2025-03-28 13:47:18,965] - INFO - main - >>>>>> stage: Data Validation Stage started <<<<<<
[2025-03-28 13:47:18,971] - INFO - common - yaml file: 'config\config.yaml' loaded successfully
[2025-03-28 13:47:18,972] - INFO - common - yaml file: 'params.yaml' loaded successfully
[2025-03-28 13:47:18,976] - INFO - common - yaml file: 'schema.yaml' loaded successfully
[2025-03-28 13:47:18,976] - INFO - common - created directory at: 'artifacts'
[2025-03-28 13:47:18,987] - INFO - common - created directory at: 'artifacts/data_validation'
[2025-03-28 13:47:19,009] - INFO - data_validation - Performing data validation
[2025-03-28 13:47:19,009] - INFO - data_validation - Writing validation status to file at 'artifacts/data_validation/status.txt'
[2025-03-28 13:47:19,009] - INFO - main - >>>>>> stage: Data Validation Stage completed <<<<<<
x==========x

[2025-03-28 13:47:19,010] - INFO - main - >>>>>> stage: Data Transformation Stage started <<<<<<
[2025-03-28 13:47:19,012] - INFO - common - yaml file: 'config\config.yaml' loaded successfully
[2025-03-28 13:47:19,012] - INFO - common - yaml file: 'params.yaml' loaded successfully
[2025-03-28 13:47:19,015] - INFO - common - yaml file: 'schema.yaml' loaded successfully
[2025-03-28 13:47:19,016] - INFO - common - created directory at: 'artifacts'
[2025-03-28 13:47:19,017] - INFO - common - created directory at: 'artifacts/data_transformation'
[2025-03-28 13:47:19,018] - INFO - data_transformation_pipeline - Checking valdation status...
[2025-03-28 13:47:19,020] - INFO - data_transformation_pipeline - Valdation status: 'True
[2025-03-28 13:47:19,028] - INFO - data_transformation - Splited data into training and testing sets
[2025-03-28 13:47:19,041] - INFO - data_transformation - Training data set saved at path: 'artifacts/data_transformation\train.csv'
[2025-03-28 13:47:19,041] - INFO - data_transformation - Shape of training data set: (1199, 12)
[2025-03-28 13:47:19,045] - INFO - data_transformation - Testing data set saved at path: 'artifacts/data_transformation\test.csv'
[2025-03-28 13:47:19,045] - INFO - data_transformation - Shape of testing data set: (400, 12)
[2025-03-28 13:47:19,046] - INFO - main - >>>>>> stage: Data Transformation Stage completed <<<<<<
x==========x

[2025-03-28 20:02:19,379] - INFO - main - >>>>>> stage: Data Ingestion Stage started <<<<<<
[2025-03-28 20:02:19,383] - INFO - common - yaml file: 'config\config.yaml' loaded successfully
[2025-03-28 20:02:19,384] - INFO - common - yaml file: 'params.yaml' loaded successfully
[2025-03-28 20:02:19,387] - INFO - common - yaml file: 'schema.yaml' loaded successfully
[2025-03-28 20:02:19,388] - INFO - common - created directory at: 'artifacts'
[2025-03-28 20:02:19,388] - INFO - common - created directory at: 'artifacts/data_ingestion'
[2025-03-28 20:02:19,388] - INFO - data_ingestion - File already exists
[2025-03-28 20:02:19,390] - INFO - main - >>>>>> stage: Data Ingestion Stage completed <<<<<<
x==========x

[2025-03-28 20:02:19,390] - INFO - main - >>>>>> stage: Data Validation Stage started <<<<<<
[2025-03-28 20:02:19,392] - INFO - common - yaml file: 'config\config.yaml' loaded successfully
[2025-03-28 20:02:19,393] - INFO - common - yaml file: 'params.yaml' loaded successfully
[2025-03-28 20:02:19,394] - INFO - common - yaml file: 'schema.yaml' loaded successfully
[2025-03-28 20:02:19,395] - INFO - common - created directory at: 'artifacts'
[2025-03-28 20:02:19,395] - INFO - common - created directory at: 'artifacts/data_validation'
[2025-03-28 20:02:19,413] - INFO - data_validation - Performing data validation
[2025-03-28 20:02:19,414] - INFO - data_validation - Writing validation status to file at 'artifacts/data_validation/status.txt'
[2025-03-28 20:02:19,414] - INFO - main - >>>>>> stage: Data Validation Stage completed <<<<<<
x==========x

[2025-03-28 20:02:19,415] - INFO - main - >>>>>> stage: Data Transformation Stage started <<<<<<
[2025-03-28 20:02:19,418] - INFO - common - yaml file: 'config\config.yaml' loaded successfully
[2025-03-28 20:02:19,419] - INFO - common - yaml file: 'params.yaml' loaded successfully
[2025-03-28 20:02:19,421] - INFO - common - yaml file: 'schema.yaml' loaded successfully
[2025-03-28 20:02:19,421] - INFO - common - created directory at: 'artifacts'
[2025-03-28 20:02:19,422] - INFO - common - created directory at: 'artifacts/data_transformation'
[2025-03-28 20:02:19,422] - INFO - data_transformation_pipeline - Checking valdation status...
[2025-03-28 20:02:19,423] - INFO - data_transformation_pipeline - Valdation status: 'True
[2025-03-28 20:02:19,428] - INFO - data_transformation - Splited data into training and testing sets
[2025-03-28 20:02:19,439] - INFO - data_transformation - Training data set saved at path: 'artifacts/data_transformation\train.csv'
[2025-03-28 20:02:19,439] - INFO - data_transformation - Shape of training data set: (1199, 12)
[2025-03-28 20:02:19,442] - INFO - data_transformation - Testing data set saved at path: 'artifacts/data_transformation\test.csv'
[2025-03-28 20:02:19,442] - INFO - data_transformation - Shape of testing data set: (400, 12)
[2025-03-28 20:02:19,442] - INFO - main - >>>>>> stage: Data Transformation Stage completed <<<<<<
x==========x

[2025-03-28 20:02:19,443] - INFO - main - >>>>>> stage: Model Trainer Stage started <<<<<<
[2025-03-28 20:02:19,445] - INFO - common - yaml file: 'config\config.yaml' loaded successfully
[2025-03-28 20:02:19,446] - INFO - common - yaml file: 'params.yaml' loaded successfully
[2025-03-28 20:02:19,448] - INFO - common - yaml file: 'schema.yaml' loaded successfully
[2025-03-28 20:02:19,448] - INFO - common - created directory at: 'artifacts'
[2025-03-28 20:02:19,448] - ERROR - main - ConfigurationManager.get_model_trainer_config() takes 1 positional argument but 2 were given
Traceback (most recent call last):
  File "E:\MyProjects\pilotproject\main.py", line 43, in <module>
    obj.initiate_model_trainer()
  File "E:\MyProjects\pilotproject\src\pilotproject\pipeline\model_trainer_pipeline.py", line 13, in initiate_model_trainer
    model_trainer_config=config.get_model_trainer_config(config)
TypeError: ConfigurationManager.get_model_trainer_config() takes 1 positional argument but 2 were given
[2025-03-28 20:02:54,638] - INFO - main - >>>>>> stage: Data Ingestion Stage started <<<<<<
[2025-03-28 20:02:54,640] - INFO - common - yaml file: 'config\config.yaml' loaded successfully
[2025-03-28 20:02:54,641] - INFO - common - yaml file: 'params.yaml' loaded successfully
[2025-03-28 20:02:54,642] - INFO - common - yaml file: 'schema.yaml' loaded successfully
[2025-03-28 20:02:54,643] - INFO - common - created directory at: 'artifacts'
[2025-03-28 20:02:54,643] - INFO - common - created directory at: 'artifacts/data_ingestion'
[2025-03-28 20:02:54,643] - INFO - data_ingestion - File already exists
[2025-03-28 20:02:54,645] - INFO - main - >>>>>> stage: Data Ingestion Stage completed <<<<<<
x==========x

[2025-03-28 20:02:54,646] - INFO - main - >>>>>> stage: Data Validation Stage started <<<<<<
[2025-03-28 20:02:54,649] - INFO - common - yaml file: 'config\config.yaml' loaded successfully
[2025-03-28 20:02:54,649] - INFO - common - yaml file: 'params.yaml' loaded successfully
[2025-03-28 20:02:54,652] - INFO - common - yaml file: 'schema.yaml' loaded successfully
[2025-03-28 20:02:54,652] - INFO - common - created directory at: 'artifacts'
[2025-03-28 20:02:54,653] - INFO - common - created directory at: 'artifacts/data_validation'
[2025-03-28 20:02:54,666] - INFO - data_validation - Performing data validation
[2025-03-28 20:02:54,666] - INFO - data_validation - Writing validation status to file at 'artifacts/data_validation/status.txt'
[2025-03-28 20:02:54,667] - INFO - main - >>>>>> stage: Data Validation Stage completed <<<<<<
x==========x

[2025-03-28 20:02:54,667] - INFO - main - >>>>>> stage: Data Transformation Stage started <<<<<<
[2025-03-28 20:02:54,669] - INFO - common - yaml file: 'config\config.yaml' loaded successfully
[2025-03-28 20:02:54,671] - INFO - common - yaml file: 'params.yaml' loaded successfully
[2025-03-28 20:02:54,672] - INFO - common - yaml file: 'schema.yaml' loaded successfully
[2025-03-28 20:02:54,673] - INFO - common - created directory at: 'artifacts'
[2025-03-28 20:02:54,674] - INFO - common - created directory at: 'artifacts/data_transformation'
[2025-03-28 20:02:54,674] - INFO - data_transformation_pipeline - Checking valdation status...
[2025-03-28 20:02:54,675] - INFO - data_transformation_pipeline - Valdation status: 'True
[2025-03-28 20:02:54,678] - INFO - data_transformation - Splited data into training and testing sets
[2025-03-28 20:02:54,684] - INFO - data_transformation - Training data set saved at path: 'artifacts/data_transformation\train.csv'
[2025-03-28 20:02:54,684] - INFO - data_transformation - Shape of training data set: (1199, 12)
[2025-03-28 20:02:54,687] - INFO - data_transformation - Testing data set saved at path: 'artifacts/data_transformation\test.csv'
[2025-03-28 20:02:54,688] - INFO - data_transformation - Shape of testing data set: (400, 12)
[2025-03-28 20:02:54,688] - INFO - main - >>>>>> stage: Data Transformation Stage completed <<<<<<
x==========x

[2025-03-28 20:02:54,688] - INFO - main - >>>>>> stage: Model Trainer Stage started <<<<<<
[2025-03-28 20:02:54,692] - INFO - common - yaml file: 'config\config.yaml' loaded successfully
[2025-03-28 20:02:54,692] - INFO - common - yaml file: 'params.yaml' loaded successfully
[2025-03-28 20:02:54,694] - INFO - common - yaml file: 'schema.yaml' loaded successfully
[2025-03-28 20:02:54,694] - INFO - common - created directory at: 'artifacts'
[2025-03-28 20:02:54,695] - INFO - common - created directory at: 'artifacts/mdoel_trainer'
[2025-03-28 20:02:54,695] - INFO - model_trainer - Read train data
[2025-03-28 20:02:54,712] - INFO - model_trainer - Read test data
[2025-03-28 20:02:54,726] - INFO - model_trainer - Extract features
[2025-03-28 20:02:54,730] - INFO - model_trainer - Extract target
[2025-03-28 20:02:54,731] - INFO - model_trainer - Strat training model
[2025-03-28 20:02:54,738] - INFO - model_trainer - Model saved in path: 'artifacts/mdoel_trainer\model.joblib'
[2025-03-28 20:02:54,738] - INFO - main - >>>>>> stage: Model Trainer Stage completed <<<<<<
x==========x

[2025-03-28 20:04:13,340] - INFO - main - >>>>>> stage: Data Ingestion Stage started <<<<<<
[2025-03-28 20:04:13,358] - INFO - common - yaml file: 'config\config.yaml' loaded successfully
[2025-03-28 20:04:13,359] - INFO - common - yaml file: 'params.yaml' loaded successfully
[2025-03-28 20:04:13,361] - INFO - common - yaml file: 'schema.yaml' loaded successfully
[2025-03-28 20:04:13,362] - INFO - common - created directory at: 'artifacts'
[2025-03-28 20:04:13,362] - INFO - common - created directory at: 'artifacts/data_ingestion'
[2025-03-28 20:04:14,380] - INFO - data_ingestion - File: 'artifacts/data_ingestion/data.zip' downloaded successfully with the following info: 
Connection: close
Content-Length: 23329
Cache-Control: max-age=300
Content-Security-Policy: default-src 'none'; style-src 'unsafe-inline'; sandbox
Content-Type: application/zip
ETag: "c69888a4ae59bc5a893392785a938ccd4937981c06ba8a9d6a21aa52b4ab5b6e"
Strict-Transport-Security: max-age=31536000
X-Content-Type-Options: nosniff
X-Frame-Options: deny
X-XSS-Protection: 1; mode=block
X-GitHub-Request-Id: 84DC:16D4ED:192D7:3A0E4:67E700BD
Accept-Ranges: bytes
Date: Fri, 28 Mar 2025 20:04:13 GMT
Via: 1.1 varnish
X-Served-By: cache-lcy-eglc8600061-LCY
X-Cache: MISS
X-Cache-Hits: 0
X-Timer: S1743192254.616026,VS0,VE158
Vary: Authorization,Accept-Encoding,Origin
Access-Control-Allow-Origin: *
Cross-Origin-Resource-Policy: cross-origin
X-Fastly-Request-ID: e0250199d1e1438bf97604c91cc6f470074ce9c2
Expires: Fri, 28 Mar 2025 20:09:13 GMT
Source-Age: 0


[2025-03-28 20:04:14,393] - INFO - main - >>>>>> stage: Data Ingestion Stage completed <<<<<<
x==========x

[2025-03-28 20:04:14,393] - INFO - main - >>>>>> stage: Data Validation Stage started <<<<<<
[2025-03-28 20:04:14,397] - INFO - common - yaml file: 'config\config.yaml' loaded successfully
[2025-03-28 20:04:14,398] - INFO - common - yaml file: 'params.yaml' loaded successfully
[2025-03-28 20:04:14,400] - INFO - common - yaml file: 'schema.yaml' loaded successfully
[2025-03-28 20:04:14,400] - INFO - common - created directory at: 'artifacts'
[2025-03-28 20:04:14,400] - INFO - common - created directory at: 'artifacts/data_validation'
[2025-03-28 20:04:14,413] - INFO - data_validation - Performing data validation
[2025-03-28 20:04:14,414] - INFO - data_validation - Writing validation status to file at 'artifacts/data_validation/status.txt'
[2025-03-28 20:04:14,414] - INFO - main - >>>>>> stage: Data Validation Stage completed <<<<<<
x==========x

[2025-03-28 20:04:14,414] - INFO - main - >>>>>> stage: Data Transformation Stage started <<<<<<
[2025-03-28 20:04:14,416] - INFO - common - yaml file: 'config\config.yaml' loaded successfully
[2025-03-28 20:04:14,417] - INFO - common - yaml file: 'params.yaml' loaded successfully
[2025-03-28 20:04:14,418] - INFO - common - yaml file: 'schema.yaml' loaded successfully
[2025-03-28 20:04:14,419] - INFO - common - created directory at: 'artifacts'
[2025-03-28 20:04:14,419] - INFO - common - created directory at: 'artifacts/data_transformation'
[2025-03-28 20:04:14,419] - INFO - data_transformation_pipeline - Checking valdation status...
[2025-03-28 20:04:14,420] - INFO - data_transformation_pipeline - Valdation status: 'True
[2025-03-28 20:04:14,424] - INFO - data_transformation - Splited data into training and testing sets
[2025-03-28 20:04:14,431] - INFO - data_transformation - Training data set saved at path: 'artifacts/data_transformation\train.csv'
[2025-03-28 20:04:14,431] - INFO - data_transformation - Shape of training data set: (1199, 12)
[2025-03-28 20:04:14,434] - INFO - data_transformation - Testing data set saved at path: 'artifacts/data_transformation\test.csv'
[2025-03-28 20:04:14,434] - INFO - data_transformation - Shape of testing data set: (400, 12)
[2025-03-28 20:04:14,435] - INFO - main - >>>>>> stage: Data Transformation Stage completed <<<<<<
x==========x

[2025-03-28 20:04:14,435] - INFO - main - >>>>>> stage: Model Trainer Stage started <<<<<<
[2025-03-28 20:04:14,436] - INFO - common - yaml file: 'config\config.yaml' loaded successfully
[2025-03-28 20:04:14,437] - INFO - common - yaml file: 'params.yaml' loaded successfully
[2025-03-28 20:04:14,439] - INFO - common - yaml file: 'schema.yaml' loaded successfully
[2025-03-28 20:04:14,439] - INFO - common - created directory at: 'artifacts'
[2025-03-28 20:04:14,439] - INFO - common - created directory at: 'artifacts/model_trainer'
[2025-03-28 20:04:14,440] - INFO - model_trainer - Read train data
[2025-03-28 20:04:14,461] - INFO - model_trainer - Read test data
[2025-03-28 20:04:14,476] - INFO - model_trainer - Extract features
[2025-03-28 20:04:14,477] - INFO - model_trainer - Extract target
[2025-03-28 20:04:14,479] - INFO - model_trainer - Strat training model
[2025-03-28 20:04:14,484] - INFO - model_trainer - Model saved in path: 'artifacts/model_trainer\model.joblib'
[2025-03-28 20:04:14,484] - INFO - main - >>>>>> stage: Model Trainer Stage completed <<<<<<
x==========x

[2025-03-28 20:05:09,612] - INFO - main - >>>>>> stage: Data Ingestion Stage started <<<<<<
[2025-03-28 20:05:09,614] - INFO - common - yaml file: 'config\config.yaml' loaded successfully
[2025-03-28 20:05:09,615] - INFO - common - yaml file: 'params.yaml' loaded successfully
[2025-03-28 20:05:09,617] - INFO - common - yaml file: 'schema.yaml' loaded successfully
[2025-03-28 20:05:09,617] - INFO - common - created directory at: 'artifacts'
[2025-03-28 20:05:09,618] - INFO - common - created directory at: 'artifacts/data_ingestion'
[2025-03-28 20:05:10,279] - INFO - data_ingestion - File: 'artifacts/data_ingestion/data.zip' downloaded successfully with the following info: 
Connection: close
Content-Length: 23329
Cache-Control: max-age=300
Content-Security-Policy: default-src 'none'; style-src 'unsafe-inline'; sandbox
Content-Type: application/zip
ETag: "c69888a4ae59bc5a893392785a938ccd4937981c06ba8a9d6a21aa52b4ab5b6e"
Strict-Transport-Security: max-age=31536000
X-Content-Type-Options: nosniff
X-Frame-Options: deny
X-XSS-Protection: 1; mode=block
X-GitHub-Request-Id: 84DC:16D4ED:192D7:3A0E4:67E700BD
Accept-Ranges: bytes
Date: Fri, 28 Mar 2025 20:05:09 GMT
Via: 1.1 varnish
X-Served-By: cache-lcy-eglc8600098-LCY
X-Cache: HIT
X-Cache-Hits: 1
X-Timer: S1743192310.671499,VS0,VE2
Vary: Authorization,Accept-Encoding,Origin
Access-Control-Allow-Origin: *
Cross-Origin-Resource-Policy: cross-origin
X-Fastly-Request-ID: 576f86fcbcfa9b8c96158240f6797c629105c440
Expires: Fri, 28 Mar 2025 20:10:09 GMT
Source-Age: 56


[2025-03-28 20:05:10,296] - INFO - main - >>>>>> stage: Data Ingestion Stage completed <<<<<<
x==========x

[2025-03-28 20:05:10,297] - INFO - main - >>>>>> stage: Data Validation Stage started <<<<<<
[2025-03-28 20:05:10,300] - INFO - common - yaml file: 'config\config.yaml' loaded successfully
[2025-03-28 20:05:10,301] - INFO - common - yaml file: 'params.yaml' loaded successfully
[2025-03-28 20:05:10,304] - INFO - common - yaml file: 'schema.yaml' loaded successfully
[2025-03-28 20:05:10,304] - INFO - common - created directory at: 'artifacts'
[2025-03-28 20:05:10,304] - INFO - common - created directory at: 'artifacts/data_validation'
[2025-03-28 20:05:10,316] - INFO - data_validation - Performing data validation
[2025-03-28 20:05:10,317] - INFO - data_validation - Writing validation status to file at 'artifacts/data_validation/status.txt'
[2025-03-28 20:05:10,317] - INFO - main - >>>>>> stage: Data Validation Stage completed <<<<<<
x==========x

[2025-03-28 20:05:10,317] - INFO - main - >>>>>> stage: Data Transformation Stage started <<<<<<
[2025-03-28 20:05:10,319] - INFO - common - yaml file: 'config\config.yaml' loaded successfully
[2025-03-28 20:05:10,321] - INFO - common - yaml file: 'params.yaml' loaded successfully
[2025-03-28 20:05:10,323] - INFO - common - yaml file: 'schema.yaml' loaded successfully
[2025-03-28 20:05:10,324] - INFO - common - created directory at: 'artifacts'
[2025-03-28 20:05:10,324] - INFO - common - created directory at: 'artifacts/data_transformation'
[2025-03-28 20:05:10,325] - INFO - data_transformation_pipeline - Checking valdation status...
[2025-03-28 20:05:10,326] - INFO - data_transformation_pipeline - Valdation status: 'True
[2025-03-28 20:05:10,330] - INFO - data_transformation - Splited data into training and testing sets
[2025-03-28 20:05:10,338] - INFO - data_transformation - Training data set saved at path: 'artifacts/data_transformation\train.csv'
[2025-03-28 20:05:10,338] - INFO - data_transformation - Shape of training data set: (1199, 12)
[2025-03-28 20:05:10,341] - INFO - data_transformation - Testing data set saved at path: 'artifacts/data_transformation\test.csv'
[2025-03-28 20:05:10,341] - INFO - data_transformation - Shape of testing data set: (400, 12)
[2025-03-28 20:05:10,342] - INFO - main - >>>>>> stage: Data Transformation Stage completed <<<<<<
x==========x

[2025-03-28 20:05:10,342] - INFO - main - >>>>>> stage: Model Trainer Stage started <<<<<<
[2025-03-28 20:05:10,343] - INFO - common - yaml file: 'config\config.yaml' loaded successfully
[2025-03-28 20:05:10,344] - INFO - common - yaml file: 'params.yaml' loaded successfully
[2025-03-28 20:05:10,345] - INFO - common - yaml file: 'schema.yaml' loaded successfully
[2025-03-28 20:05:10,346] - INFO - common - created directory at: 'artifacts'
[2025-03-28 20:05:10,346] - INFO - common - created directory at: 'artifacts/model_trainer'
[2025-03-28 20:05:10,347] - INFO - model_trainer - Read train data
[2025-03-28 20:05:10,363] - INFO - model_trainer - Read test data
[2025-03-28 20:05:10,379] - INFO - model_trainer - Extract features
[2025-03-28 20:05:10,381] - INFO - model_trainer - Extract target
[2025-03-28 20:05:10,382] - INFO - model_trainer - Strat training model
[2025-03-28 20:05:10,386] - INFO - model_trainer - Training completed
[2025-03-28 20:05:10,388] - INFO - model_trainer - Model saved in path: 'artifacts/model_trainer\model.joblib'
[2025-03-28 20:05:10,388] - INFO - main - >>>>>> stage: Model Trainer Stage completed <<<<<<
x==========x

[2025-03-28 20:05:25,108] - INFO - main - >>>>>> stage: Data Ingestion Stage started <<<<<<
[2025-03-28 20:05:25,110] - INFO - common - yaml file: 'config\config.yaml' loaded successfully
[2025-03-28 20:05:25,111] - INFO - common - yaml file: 'params.yaml' loaded successfully
[2025-03-28 20:05:25,112] - INFO - common - yaml file: 'schema.yaml' loaded successfully
[2025-03-28 20:05:25,113] - INFO - common - created directory at: 'artifacts'
[2025-03-28 20:05:25,113] - INFO - common - created directory at: 'artifacts/data_ingestion'
[2025-03-28 20:05:25,840] - INFO - data_ingestion - File: 'artifacts/data_ingestion/data.zip' downloaded successfully with the following info: 
Connection: close
Content-Length: 23329
Cache-Control: max-age=300
Content-Security-Policy: default-src 'none'; style-src 'unsafe-inline'; sandbox
Content-Type: application/zip
ETag: "c69888a4ae59bc5a893392785a938ccd4937981c06ba8a9d6a21aa52b4ab5b6e"
Strict-Transport-Security: max-age=31536000
X-Content-Type-Options: nosniff
X-Frame-Options: deny
X-XSS-Protection: 1; mode=block
X-GitHub-Request-Id: 6928:1B309F:7585FF:FE86FB:67E70104
Accept-Ranges: bytes
Date: Fri, 28 Mar 2025 20:05:25 GMT
Via: 1.1 varnish
X-Served-By: cache-lhr-egll1980050-LHR
X-Cache: MISS
X-Cache-Hits: 0
X-Timer: S1743192325.067398,VS0,VE167
Vary: Authorization,Accept-Encoding,Origin
Access-Control-Allow-Origin: *
Cross-Origin-Resource-Policy: cross-origin
X-Fastly-Request-ID: 5a0a8e81cf16ca87dad49c3b26c5bd954491c4ce
Expires: Fri, 28 Mar 2025 20:10:25 GMT
Source-Age: 0


[2025-03-28 20:05:25,859] - INFO - main - >>>>>> stage: Data Ingestion Stage completed <<<<<<
x==========x

[2025-03-28 20:05:25,859] - INFO - main - >>>>>> stage: Data Validation Stage started <<<<<<
[2025-03-28 20:05:25,861] - INFO - common - yaml file: 'config\config.yaml' loaded successfully
[2025-03-28 20:05:25,862] - INFO - common - yaml file: 'params.yaml' loaded successfully
[2025-03-28 20:05:25,863] - INFO - common - yaml file: 'schema.yaml' loaded successfully
[2025-03-28 20:05:25,864] - INFO - common - created directory at: 'artifacts'
[2025-03-28 20:05:25,864] - INFO - common - created directory at: 'artifacts/data_validation'
[2025-03-28 20:05:25,876] - INFO - data_validation - Performing data validation
[2025-03-28 20:05:25,876] - INFO - data_validation - Writing validation status to file at 'artifacts/data_validation/status.txt'
[2025-03-28 20:05:25,876] - INFO - main - >>>>>> stage: Data Validation Stage completed <<<<<<
x==========x

[2025-03-28 20:05:25,877] - INFO - main - >>>>>> stage: Data Transformation Stage started <<<<<<
[2025-03-28 20:05:25,879] - INFO - common - yaml file: 'config\config.yaml' loaded successfully
[2025-03-28 20:05:25,879] - INFO - common - yaml file: 'params.yaml' loaded successfully
[2025-03-28 20:05:25,881] - INFO - common - yaml file: 'schema.yaml' loaded successfully
[2025-03-28 20:05:25,881] - INFO - common - created directory at: 'artifacts'
[2025-03-28 20:05:25,881] - INFO - common - created directory at: 'artifacts/data_transformation'
[2025-03-28 20:05:25,882] - INFO - data_transformation_pipeline - Checking valdation status...
[2025-03-28 20:05:25,882] - INFO - data_transformation_pipeline - Valdation status: 'True
[2025-03-28 20:05:25,886] - INFO - data_transformation - Splited data into training and testing sets
[2025-03-28 20:05:25,892] - INFO - data_transformation - Training data set saved at path: 'artifacts/data_transformation\train.csv'
[2025-03-28 20:05:25,892] - INFO - data_transformation - Shape of training data set: (1199, 12)
[2025-03-28 20:05:25,895] - INFO - data_transformation - Testing data set saved at path: 'artifacts/data_transformation\test.csv'
[2025-03-28 20:05:25,895] - INFO - data_transformation - Shape of testing data set: (400, 12)
[2025-03-28 20:05:25,895] - INFO - main - >>>>>> stage: Data Transformation Stage completed <<<<<<
x==========x

[2025-03-28 20:05:25,895] - INFO - main - >>>>>> stage: Model Trainer Stage started <<<<<<
[2025-03-28 20:05:25,897] - INFO - common - yaml file: 'config\config.yaml' loaded successfully
[2025-03-28 20:05:25,898] - INFO - common - yaml file: 'params.yaml' loaded successfully
[2025-03-28 20:05:25,899] - INFO - common - yaml file: 'schema.yaml' loaded successfully
[2025-03-28 20:05:25,899] - INFO - common - created directory at: 'artifacts'
[2025-03-28 20:05:25,900] - INFO - common - created directory at: 'artifacts/model_trainer'
[2025-03-28 20:05:25,900] - INFO - model_trainer - Read train data
[2025-03-28 20:05:25,911] - INFO - model_trainer - Read test data
[2025-03-28 20:05:25,923] - INFO - model_trainer - Extract features
[2025-03-28 20:05:25,924] - INFO - model_trainer - Extract target
[2025-03-28 20:05:25,925] - INFO - model_trainer - Start training model
[2025-03-28 20:05:25,927] - INFO - model_trainer - Training completed
[2025-03-28 20:05:25,928] - INFO - model_trainer - Model saved in path: 'artifacts/model_trainer\model.joblib'
[2025-03-28 20:05:25,928] - INFO - main - >>>>>> stage: Model Trainer Stage completed <<<<<<
x==========x

